Archive member included to satisfy reference by file (symbol)

C:/ST/STM32CubeIDE_1.12.0/STM32CubeIDE/plugins/com.st.stm32cube.ide.mcu.externaltools.gnu-tools-for-stm32.11.3.rel1.win32_1.1.0.202305231506/tools/bin/../lib/gcc/arm-none-eabi/11.3.1/../../../../arm-none-eabi/lib/thumb/v7e-m+dp/hard\libm.a(libm_a-sf_pow.o)
                              ./Core/Src/w25qxx.o (powf)
C:/ST/STM32CubeIDE_1.12.0/STM32CubeIDE/plugins/com.st.stm32cube.ide.mcu.externaltools.gnu-tools-for-stm32.11.3.rel1.win32_1.1.0.202305231506/tools/bin/../lib/gcc/arm-none-eabi/11.3.1/../../../../arm-none-eabi/lib/thumb/v7e-m+dp/hard\libm.a(libm_a-math_errf.o)
                              C:/ST/STM32CubeIDE_1.12.0/STM32CubeIDE/plugins/com.st.stm32cube.ide.mcu.externaltools.gnu-tools-for-stm32.11.3.rel1.win32_1.1.0.202305231506/tools/bin/../lib/gcc/arm-none-eabi/11.3.1/../../../../arm-none-eabi/lib/thumb/v7e-m+dp/hard\libm.a(libm_a-sf_pow.o) (__math_uflowf)
C:/ST/STM32CubeIDE_1.12.0/STM32CubeIDE/plugins/com.st.stm32cube.ide.mcu.externaltools.gnu-tools-for-stm32.11.3.rel1.win32_1.1.0.202305231506/tools/bin/../lib/gcc/arm-none-eabi/11.3.1/../../../../arm-none-eabi/lib/thumb/v7e-m+dp/hard\libm.a(libm_a-sf_exp2_data.o)
                              C:/ST/STM32CubeIDE_1.12.0/STM32CubeIDE/plugins/com.st.stm32cube.ide.mcu.externaltools.gnu-tools-for-stm32.11.3.rel1.win32_1.1.0.202305231506/tools/bin/../lib/gcc/arm-none-eabi/11.3.1/../../../../arm-none-eabi/lib/thumb/v7e-m+dp/hard\libm.a(libm_a-sf_pow.o) (__exp2f_data)
C:/ST/STM32CubeIDE_1.12.0/STM32CubeIDE/plugins/com.st.stm32cube.ide.mcu.externaltools.gnu-tools-for-stm32.11.3.rel1.win32_1.1.0.202305231506/tools/bin/../lib/gcc/arm-none-eabi/11.3.1/../../../../arm-none-eabi/lib/thumb/v7e-m+dp/hard\libm.a(libm_a-sf_pow_log2_data.o)
                              C:/ST/STM32CubeIDE_1.12.0/STM32CubeIDE/plugins/com.st.stm32cube.ide.mcu.externaltools.gnu-tools-for-stm32.11.3.rel1.win32_1.1.0.202305231506/tools/bin/../lib/gcc/arm-none-eabi/11.3.1/../../../../arm-none-eabi/lib/thumb/v7e-m+dp/hard\libm.a(libm_a-sf_pow.o) (__powf_log2_data)
C:/ST/STM32CubeIDE_1.12.0/STM32CubeIDE/plugins/com.st.stm32cube.ide.mcu.externaltools.gnu-tools-for-stm32.11.3.rel1.win32_1.1.0.202305231506/tools/bin/../lib/gcc/arm-none-eabi/11.3.1/../../../../arm-none-eabi/lib/thumb/v7e-m+dp/hard\libc_nano.a(libc_a-exit.o)
                              C:/ST/STM32CubeIDE_1.12.0/STM32CubeIDE/plugins/com.st.stm32cube.ide.mcu.externaltools.gnu-tools-for-stm32.11.3.rel1.win32_1.1.0.202305231506/tools/bin/../lib/gcc/arm-none-eabi/11.3.1/../../../../arm-none-eabi/lib/thumb/v7e-m+dp/hard/crt0.o (exit)
C:/ST/STM32CubeIDE_1.12.0/STM32CubeIDE/plugins/com.st.stm32cube.ide.mcu.externaltools.gnu-tools-for-stm32.11.3.rel1.win32_1.1.0.202305231506/tools/bin/../lib/gcc/arm-none-eabi/11.3.1/../../../../arm-none-eabi/lib/thumb/v7e-m+dp/hard\libc_nano.a(libc_a-findfp.o)
                              C:/ST/STM32CubeIDE_1.12.0/STM32CubeIDE/plugins/com.st.stm32cube.ide.mcu.externaltools.gnu-tools-for-stm32.11.3.rel1.win32_1.1.0.202305231506/tools/bin/../lib/gcc/arm-none-eabi/11.3.1/../../../../arm-none-eabi/lib/thumb/v7e-m+dp/hard\libc_nano.a(libc_a-exit.o) (__stdio_exit_handler)
C:/ST/STM32CubeIDE_1.12.0/STM32CubeIDE/plugins/com.st.stm32cube.ide.mcu.externaltools.gnu-tools-for-stm32.11.3.rel1.win32_1.1.0.202305231506/tools/bin/../lib/gcc/arm-none-eabi/11.3.1/../../../../arm-none-eabi/lib/thumb/v7e-m+dp/hard\libc_nano.a(libc_a-fwalk.o)
                              C:/ST/STM32CubeIDE_1.12.0/STM32CubeIDE/plugins/com.st.stm32cube.ide.mcu.externaltools.gnu-tools-for-stm32.11.3.rel1.win32_1.1.0.202305231506/tools/bin/../lib/gcc/arm-none-eabi/11.3.1/../../../../arm-none-eabi/lib/thumb/v7e-m+dp/hard\libc_nano.a(libc_a-findfp.o) (_fwalk_sglue)
C:/ST/STM32CubeIDE_1.12.0/STM32CubeIDE/plugins/com.st.stm32cube.ide.mcu.externaltools.gnu-tools-for-stm32.11.3.rel1.win32_1.1.0.202305231506/tools/bin/../lib/gcc/arm-none-eabi/11.3.1/../../../../arm-none-eabi/lib/thumb/v7e-m+dp/hard\libc_nano.a(libc_a-stdio.o)
                              C:/ST/STM32CubeIDE_1.12.0/STM32CubeIDE/plugins/com.st.stm32cube.ide.mcu.externaltools.gnu-tools-for-stm32.11.3.rel1.win32_1.1.0.202305231506/tools/bin/../lib/gcc/arm-none-eabi/11.3.1/../../../../arm-none-eabi/lib/thumb/v7e-m+dp/hard\libc_nano.a(libc_a-findfp.o) (__sread)
C:/ST/STM32CubeIDE_1.12.0/STM32CubeIDE/plugins/com.st.stm32cube.ide.mcu.externaltools.gnu-tools-for-stm32.11.3.rel1.win32_1.1.0.202305231506/tools/bin/../lib/gcc/arm-none-eabi/11.3.1/../../../../arm-none-eabi/lib/thumb/v7e-m+dp/hard\libc_nano.a(libc_a-memset.o)
                              C:/ST/STM32CubeIDE_1.12.0/STM32CubeIDE/plugins/com.st.stm32cube.ide.mcu.externaltools.gnu-tools-for-stm32.11.3.rel1.win32_1.1.0.202305231506/tools/bin/../lib/gcc/arm-none-eabi/11.3.1/../../../../arm-none-eabi/lib/thumb/v7e-m+dp/hard/crt0.o (memset)
[...]
Memory Configuration

Name             Origin             Length             Attributes
FLASH            0x0000000008000000 0x0000000000020000 xr
DTCMRAM          0x0000000020000000 0x0000000000020000 xrw
RAM_D1           0x0000000024000000 0x0000000000080000 xrw
RAM_D2           0x0000000030000000 0x0000000000048000 xrw
RAM_D3           0x0000000038000000 0x0000000000010000 xrw
ITCMRAM          0x0000000000000000 0x0000000000010000 xrw
*default*        0x0000000000000000 0xffffffffffffffff

Linker script and memory map

LOAD C:/ST/STM32CubeIDE_1.12.0/STM32CubeIDE/plugins/com.st.stm32cube.ide.mcu.externaltools.gnu-tools-for-stm32.11.3.rel1.win32_1.1.0.202305231506/tools/bin/../lib/gcc/arm-none-eabi/11.3.1/thumb/v7e-m+dp/hard/crti.o
LOAD C:/ST/STM32CubeIDE_1.12.0/STM32CubeIDE/plugins/com.st.stm32cube.ide.mcu.externaltools.gnu-tools-for-stm32.11.3.rel1.win32_1.1.0.202305231506/tools/bin/../lib/gcc/arm-none-eabi/11.3.1/thumb/v7e-m+dp/hard/crtbegin.o
LOAD C:/ST/STM32CubeIDE_1.12.0/STM32CubeIDE/plugins/com.st.stm32cube.ide.mcu.externaltools.gnu-tools-for-stm32.11.3.rel1.win32_1.1.0.202305231506/tools/bin/../lib/gcc/arm-none-eabi/11.3.1/../../../../arm-none-eabi/lib/thumb/v7e-m+dp/hard/crt0.o
LOAD ./Core/Src/gpio.o
LOAD ./Core/Src/main.o
LOAD ./Core/Src/quadspi.o
LOAD ./Core/Src/rtc.o
LOAD ./Core/Src/spi.o
LOAD ./Core/Src/stm32h7xx_hal_msp.o
LOAD ./Core/Src/stm32h7xx_it.o
LOAD ./Core/Src/syscalls.o
LOAD ./Core/Src/sysmem.o
LOAD ./Core/Src/system_stm32h7xx.o
LOAD ./Core/Src/w25qxx.o
LOAD ./Core/Src/w25qxx_qspi.o
LOAD ./Core/Startup/startup_stm32h750vbtx.o
LOAD ./Drivers/STM32H7xx_HAL_Driver/Src/stm32h7xx_hal.o
LOAD ./Drivers/STM32H7xx_HAL_Driver/Src/stm32h7xx_hal_cortex.o
LOAD ./Drivers/STM32H7xx_HAL_Driver/Src/stm32h7xx_hal_dma.o
LOAD ./Drivers/STM32H7xx_HAL_Driver/Src/stm32h7xx_hal_dma_ex.o
LOAD ./Drivers/STM32H7xx_HAL_Driver/Src/stm32h7xx_hal_exti.o
LOAD ./Drivers/STM32H7xx_HAL_Driver/Src/stm32h7xx_hal_flash.o
LOAD ./Drivers/STM32H7xx_HAL_Driver/Src/stm32h7xx_hal_flash_ex.o
LOAD ./Drivers/STM32H7xx_HAL_Driver/Src/stm32h7xx_hal_gpio.o
LOAD ./Drivers/STM32H7xx_HAL_Driver/Src/stm32h7xx_hal_hsem.o
LOAD ./Drivers/STM32H7xx_HAL_Driver/Src/stm32h7xx_hal_i2c.o
LOAD ./Drivers/STM32H7xx_HAL_Driver/Src/stm32h7xx_hal_i2c_ex.o
LOAD ./Drivers/STM32H7xx_HAL_Driver/Src/stm32h7xx_hal_mdma.o
LOAD ./Drivers/STM32H7xx_HAL_Driver/Src/stm32h7xx_hal_pcd.o
LOAD ./Drivers/STM32H7xx_HAL_Driver/Src/stm32h7xx_hal_pcd_ex.o
LOAD ./Drivers/STM32H7xx_HAL_Driver/Src/stm32h7xx_hal_pwr.o
LOAD ./Drivers/STM32H7xx_HAL_Driver/Src/stm32h7xx_hal_pwr_ex.o
LOAD ./Drivers/STM32H7xx_HAL_Driver/Src/stm32h7xx_hal_qspi.o
LOAD ./Drivers/STM32H7xx_HAL_Driver/Src/stm32h7xx_hal_rcc.o
LOAD ./Drivers/STM32H7xx_HAL_Driver/Src/stm32h7xx_hal_rcc_ex.o
LOAD ./Drivers/STM32H7xx_HAL_Driver/Src/stm32h7xx_hal_rtc.o
LOAD ./Drivers/STM32H7xx_HAL_Driver/Src/stm32h7xx_hal_rtc_ex.o
LOAD ./Drivers/STM32H7xx_HAL_Driver/Src/stm32h7xx_hal_spi.o
LOAD ./Drivers/STM32H7xx_HAL_Driver/Src/stm32h7xx_hal_spi_ex.o
LOAD ./Drivers/STM32H7xx_HAL_Driver/Src/stm32h7xx_hal_tim.o
LOAD ./Drivers/STM32H7xx_HAL_Driver/Src/stm32h7xx_hal_tim_ex.o
LOAD ./Drivers/STM32H7xx_HAL_Driver/Src/stm32h7xx_ll_usb.o
LOAD ./Middlewares/ST/STM32_USB_Device_Library/Class/MSC/Src/usbd_msc.o
LOAD ./Middlewares/ST/STM32_USB_Device_Library/Class/MSC/Src/usbd_msc_bot.o
LOAD ./Middlewares/ST/STM32_USB_Device_Library/Class/MSC/Src/usbd_msc_data.o
LOAD ./Middlewares/ST/STM32_USB_Device_Library/Class/MSC/Src/usbd_msc_scsi.o
LOAD ./Middlewares/ST/STM32_USB_Device_Library/Core/Src/usbd_core.o
LOAD ./Middlewares/ST/STM32_USB_Device_Library/Core/Src/usbd_ctlreq.o
LOAD ./Middlewares/ST/STM32_USB_Device_Library/Core/Src/usbd_ioreq.o
LOAD ./USB_DEVICE/App/usb_device.o
LOAD ./USB_DEVICE/App/usbd_desc.o
LOAD ./USB_DEVICE/App/usbd_storage_if.o
LOAD ./USB_DEVICE/Target/usbd_conf.o
START GROUP
LOAD C:/ST/STM32CubeIDE_1.12.0/STM32CubeIDE/plugins/com.st.stm32cube.ide.mcu.externaltools.gnu-tools-for-stm32.11.3.rel1.win32_1.1.0.202305231506/tools/bin/../lib/gcc/arm-none-eabi/11.3.1/../../../../arm-none-eabi/lib/thumb/v7e-m+dp/hard\libstdc++_nano.a
LOAD C:/ST/STM32CubeIDE_1.12.0/STM32CubeIDE/plugins/com.st.stm32cube.ide.mcu.externaltools.gnu-tools-for-stm32.11.3.rel1.win32_1.1.0.202305231506/tools/bin/../lib/gcc/arm-none-eabi/11.3.1/../../../../arm-none-eabi/lib/thumb/v7e-m+dp/hard\libsupc++_nano.a
END GROUP
LOAD C:/ST/STM32CubeIDE_1.12.0/STM32CubeIDE/plugins/com.st.stm32cube.ide.mcu.externaltools.gnu-tools-for-stm32.11.3.rel1.win32_1.1.0.202305231506/tools/bin/../lib/gcc/arm-none-eabi/11.3.1/../../../../arm-none-eabi/lib/thumb/v7e-m+dp/hard\libstdc++_nano.a
LOAD C:/ST/STM32CubeIDE_1.12.0/STM32CubeIDE/plugins/com.st.stm32cube.ide.mcu.externaltools.gnu-tools-for-stm32.11.3.rel1.win32_1.1.0.202305231506/tools/bin/../lib/gcc/arm-none-eabi/11.3.1/../../../../arm-none-eabi/lib/thumb/v7e-m+dp/hard\libm.a
LOAD C:/ST/STM32CubeIDE_1.12.0/STM32CubeIDE/plugins/com.st.stm32cube.ide.mcu.externaltools.gnu-tools-for-stm32.11.3.rel1.win32_1.1.0.202305231506/tools/bin/../lib/gcc/arm-none-eabi/11.3.1/../../../../arm-none-eabi/lib/thumb/v7e-m+dp/hard\libc_nano.a
START GROUP
LOAD C:/ST/STM32CubeIDE_1.12.0/STM32CubeIDE/plugins/com.st.stm32cube.ide.mcu.externaltools.gnu-tools-for-stm32.11.3.rel1.win32_1.1.0.202305231506/tools/bin/../lib/gcc/arm-none-eabi/11.3.1/thumb/v7e-m+dp/hard\libgcc.a
LOAD C:/ST/STM32CubeIDE_1.12.0/STM32CubeIDE/plugins/com.st.stm32cube.ide.mcu.externaltools.gnu-tools-for-stm32.11.3.rel1.win32_1.1.0.202305231506/tools/bin/../lib/gcc/arm-none-eabi/11.3.1/../../../../arm-none-eabi/lib/thumb/v7e-m+dp/hard\libc_nano.a
END GROUP
START GROUP
LOAD C:/ST/STM32CubeIDE_1.12.0/STM32CubeIDE/plugins/com.st.stm32cube.ide.mcu.externaltools.gnu-tools-for-stm32.11.3.rel1.win32_1.1.0.202305231506/tools/bin/../lib/gcc/arm-none-eabi/11.3.1/thumb/v7e-m+dp/hard\libgcc.a
LOAD C:/ST/STM32CubeIDE_1.12.0/STM32CubeIDE/plugins/com.st.stm32cube.ide.mcu.externaltools.gnu-tools-for-stm32.11.3.rel1.win32_1.1.0.202305231506/tools/bin/../lib/gcc/arm-none-eabi/11.3.1/../../../../arm-none-eabi/lib/thumb/v7e-m+dp/hard\libc_nano.a
LOAD C:/ST/STM32CubeIDE_1.12.0/STM32CubeIDE/plugins/com.st.stm32cube.ide.mcu.externaltools.gnu-tools-for-stm32.11.3.rel1.win32_1.1.0.202305231506/tools/bin/../lib/gcc/arm-none-eabi/11.3.1/../../../../arm-none-eabi/lib/thumb/v7e-m+dp/hard\libnosys.a
END GROUP
START GROUP
LOAD C:/ST/STM32CubeIDE_1.12.0/STM32CubeIDE/plugins/com.st.stm32cube.ide.mcu.externaltools.gnu-tools-for-stm32.11.3.rel1.win32_1.1.0.202305231506/tools/bin/../lib/gcc/arm-none-eabi/11.3.1/thumb/v7e-m+dp/hard\libgcc.a
LOAD C:/ST/STM32CubeIDE_1.12.0/STM32CubeIDE/plugins/com.st.stm32cube.ide.mcu.externaltools.gnu-tools-for-stm32.11.3.rel1.win32_1.1.0.202305231506/tools/bin/../lib/gcc/arm-none-eabi/11.3.1/../../../../arm-none-eabi/lib/thumb/v7e-m+dp/hard\libc_nano.a
LOAD C:/ST/STM32CubeIDE_1.12.0/STM32CubeIDE/plugins/com.st.stm32cube.ide.mcu.externaltools.gnu-tools-for-stm32.11.3.rel1.win32_1.1.0.202305231506/tools/bin/../lib/gcc/arm-none-eabi/11.3.1/../../../../arm-none-eabi/lib/thumb/v7e-m+dp/hard\libnosys.a
END GROUP
LOAD C:/ST/STM32CubeIDE_1.12.0/STM32CubeIDE/plugins/com.st.stm32cube.ide.mcu.externaltools.gnu-tools-for-stm32.11.3.rel1.win32_1.1.0.202305231506/tools/bin/../lib/gcc/arm-none-eabi/11.3.1/thumb/v7e-m+dp/hard/crtend.o
LOAD C:/ST/STM32CubeIDE_1.12.0/STM32CubeIDE/plugins/com.st.stm32cube.ide.mcu.externaltools.gnu-tools-for-stm32.11.3.rel1.win32_1.1.0.202305231506/tools/bin/../lib/gcc/arm-none-eabi/11.3.1/thumb/v7e-m+dp/hard/crtn.o
                0x0000000024080000                _estack = (ORIGIN (RAM_D1) + LENGTH (RAM_D1))
                0x0000000000002000                _Min_Heap_Size = 0x2000
                0x0000000000002000                _Min_Stack_Size = 0x2000

.isr_vector     0x0000000008000000      0x298
                0x0000000008000000                . = ALIGN (0x4)
 *(.isr_vector)
 .isr_vector    0x0000000008000000      0x298 ./Core/Startup/startup_stm32h750vbtx.o
                0x0000000008000000                g_pfnVectors
                0x0000000008000298                . = ALIGN (0x4)

.text           0x0000000008000298     0xc840
                0x0000000008000298                . = ALIGN (0x4)
 *(.text)
 .text          0x0000000008000298       0x40 C:/ST/STM32CubeIDE_1.12.0/STM32CubeIDE/plugins/com.st.stm32cube.ide.mcu.externaltools.gnu-tools-for-stm32.11.3.rel1.win32_1.1.0.202305231506/tools/bin/../lib/gcc/arm-none-eabi/11.3.1/thumb/v7e-m+dp/hard/crtbegin.o
 *(.text*)
 .text.MX_GPIO_Init
                0x00000000080002d8      0x168 ./Core/Src/gpio.o
                0x00000000080002d8                MX_GPIO_Init
 .text.MPU_Config
                0x0000000008000440       0xc6 ./Core/Src/main.o
 *fill*         0x0000000008000506        0x2 
 .text.CPU_CACHE_Enable
                0x0000000008000508       0xdc ./Core/Src/main.o
 .text.LED_Blink
                0x00000000080005e4       0x3c ./Core/Src/main.o
                0x00000000080005e4                LED_Blink
 .text.main     0x0000000008000620      0x10c ./Core/Src/main.o
                0x0000000008000620                main
 .text.SystemClock_Config
                0x000000000800072c      0x110 ./Core/Src/main.o
                0x000000000800072c                SystemClock_Config
 .text.Error_Handler
                0x000000000800083c        0xa ./Core/Src/main.o
                0x000000000800083c                Error_Handler
 *fill*         0x0000000008000846        0x2 
 .text.MX_QUADSPI_Init
                0x0000000008000848       0x58 ./Core/Src/quadspi.o
                0x0000000008000848                MX_QUADSPI_Init
 .text.HAL_QSPI_MspInit
                0x00000000080008a0      0x194 ./Core/Src/quadspi.o
                0x00000000080008a0                HAL_QSPI_MspInit
 .text.MX_RTC_Init
                0x0000000008000a34       0x50 ./Core/Src/rtc.o
                0x0000000008000a34                MX_RTC_Init
 .text.HAL_RTC_MspInit
                0x0000000008000a84       0x60 ./Core/Src/rtc.o
                0x0000000008000a84                HAL_RTC_MspInit
 .text.MX_SPI1_Init
                0x0000000008000ae4       0xac ./Core/Src/spi.o
                0x0000000008000ae4                MX_SPI1_Init
 .text.HAL_SPI_MspInit
                0x0000000008000b90      0x114 ./Core/Src/spi.o
                0x0000000008000b90                HAL_SPI_MspInit
 .text.HAL_MspInit
                0x0000000008000ca4       0x34 ./Core/Src/stm32h7xx_hal_msp.o
                0x0000000008000ca4                HAL_MspInit
 .text.NMI_Handler
                0x0000000008000cd8        0x6 ./Core/Src/stm32h7xx_it.o
                0x0000000008000cd8                NMI_Handler
 .text.HardFault_Handler
                0x0000000008000cde        0x6 ./Core/Src/stm32h7xx_it.o
                0x0000000008000cde                HardFault_Handler
 .text.MemManage_Handler
                0x0000000008000ce4        0x6 ./Core/Src/stm32h7xx_it.o
                0x0000000008000ce4                MemManage_Handler
 .text.BusFault_Handler
                0x0000000008000cea        0x6 ./Core/Src/stm32h7xx_it.o
                0x0000000008000cea                BusFault_Handler
 .text.UsageFault_Handler
                0x0000000008000cf0        0x6 ./Core/Src/stm32h7xx_it.o
                0x0000000008000cf0                UsageFault_Handler
 .text.SVC_Handler
                0x0000000008000cf6        0xe ./Core/Src/stm32h7xx_it.o
                0x0000000008000cf6                SVC_Handler
 .text.DebugMon_Handler
                0x0000000008000d04        0xe ./Core/Src/stm32h7xx_it.o
                0x0000000008000d04                DebugMon_Handler
 .text.PendSV_Handler
                0x0000000008000d12        0xe ./Core/Src/stm32h7xx_it.o
                0x0000000008000d12                PendSV_Handler
 .text.SysTick_Handler
                0x0000000008000d20        0xc ./Core/Src/stm32h7xx_it.o
                0x0000000008000d20                SysTick_Handler
 .text.OTG_FS_IRQHandler
                0x0000000008000d2c       0x14 ./Core/Src/stm32h7xx_it.o
                0x0000000008000d2c                OTG_FS_IRQHandler
 .text.SystemInit
                0x0000000008000d40      0x118 ./Core/Src/system_stm32h7xx.o
                0x0000000008000d40                SystemInit
 .text.W25Qx_Init
                0x0000000008000e58       0x28 ./Core/Src/w25qxx.o
                0x0000000008000e58                W25Qx_Init
 .text.W25Qx_Reset
                0x0000000008000e80       0x40 ./Core/Src/w25qxx.o
 .text.W25Qx_GetStatus
                0x0000000008000ec0       0x5c ./Core/Src/w25qxx.o
 .text.W25Qx_WriteEnable
                0x0000000008000f1c       0x6c ./Core/Src/w25qxx.o
                0x0000000008000f1c                W25Qx_WriteEnable
 .text.W25Qx_Read_ID
                0x0000000008000f88       0x64 ./Core/Src/w25qxx.o
                0x0000000008000f88                W25Qx_Read_ID
 .text.W25Qx_Get_Parameter
                0x0000000008000fec       0xac ./Core/Src/w25qxx.o
                0x0000000008000fec                W25Qx_Get_Parameter
 .text.W25Qx_Read
                0x0000000008001098       0x78 ./Core/Src/w25qxx.o
                0x0000000008001098                W25Qx_Read
 .text.W25Qx_Write
                0x0000000008001110      0x114 ./Core/Src/w25qxx.o
                0x0000000008001110                W25Qx_Write
 .text.W25Qx_Erase_Block
                0x0000000008001224       0x84 ./Core/Src/w25qxx.o
                0x0000000008001224                W25Qx_Erase_Block
 .text.w25qxx_Init
                0x00000000080012a8       0x38 ./Core/Src/w25qxx_qspi.o
                0x00000000080012a8                w25qxx_Init
 .text.w25qxx_GetID
                0x00000000080012e0       0x9c ./Core/Src/w25qxx_qspi.o
                0x00000000080012e0                w25qxx_GetID
 .text.w25qxx_ReadSR
                0x000000000800137c       0x84 ./Core/Src/w25qxx_qspi.o
                0x000000000800137c                w25qxx_ReadSR
 .text.w25qxx_WriteSR
                0x0000000008001400       0x84 ./Core/Src/w25qxx_qspi.o
                0x0000000008001400                w25qxx_WriteSR
 .text.w25qxx_ReadAllStatusReg
                0x0000000008001484       0x38 ./Core/Src/w25qxx_qspi.o
                0x0000000008001484                w25qxx_ReadAllStatusReg
 .text.W25QXX_Wait_Busy
                0x00000000080014bc       0x1c ./Core/Src/w25qxx_qspi.o
                0x00000000080014bc                W25QXX_Wait_Busy
 .text.w25qxx_SetReadParameters
                0x00000000080014d8       0x7c ./Core/Src/w25qxx_qspi.o
                0x00000000080014d8                w25qxx_SetReadParameters
 .text.w25qxx_EnterQPI
                0x0000000008001554       0x28 ./Core/Src/w25qxx_qspi.o
                0x0000000008001554                w25qxx_EnterQPI
 .text.W25qxx_WriteEnable
                0x000000000800157c       0x18 ./Core/Src/w25qxx_qspi.o
                0x000000000800157c                W25qxx_WriteEnable
 .text.W25qxx_EraseSector
                0x0000000008001594       0x8c ./Core/Src/w25qxx_qspi.o
                0x0000000008001594                W25qxx_EraseSector
 .text.W25qxx_PageProgram
                0x0000000008001620       0xa4 ./Core/Src/w25qxx_qspi.o
                0x0000000008001620                W25qxx_PageProgram
 .text.W25qxx_Read
                0x00000000080016c4       0xac ./Core/Src/w25qxx_qspi.o
                0x00000000080016c4                W25qxx_Read
 .text.W25qxx_WriteNoCheck
                0x0000000008001770       0x72 ./Core/Src/w25qxx_qspi.o
                0x0000000008001770                W25qxx_WriteNoCheck
 .text.QSPI_ResetDevice
                0x00000000080017e2       0xb2 ./Core/Src/w25qxx_qspi.o
 .text.QSPI_Send_CMD
                0x0000000008001894       0x6a ./Core/Src/w25qxx_qspi.o
 *fill*         0x00000000080018fe        0x2 
 .text.QSPI_WriteEnable
                0x0000000008001900       0xb8 ./Core/Src/w25qxx_qspi.o
 .text.QSPI_AutoPollingMemReady
                0x00000000080019b8       0x94 ./Core/Src/w25qxx_qspi.o
 .text.QSPI_EnterQPI
                0x0000000008001a4c       0x7c ./Core/Src/w25qxx_qspi.o
 .text.Reset_Handler
                0x0000000008001ac8       0x50 ./Core/Startup/startup_stm32h750vbtx.o
                0x0000000008001ac8                Reset_Handler
 .text.Default_Handler
                0x0000000008001b18        0x2 ./Core/Startup/startup_stm32h750vbtx.o
                0x0000000008001b18                RTC_Alarm_IRQHandler
                0x0000000008001b18                HASH_RNG_IRQHandler
                0x0000000008001b18                EXTI2_IRQHandler
                0x0000000008001b18                TIM8_CC_IRQHandler
                0x0000000008001b18                HRTIM1_Master_IRQHandler
                0x0000000008001b18                UART8_IRQHandler
                0x0000000008001b18                SPI4_IRQHandler
                0x0000000008001b18                TIM1_CC_IRQHandler
                0x0000000008001b18                BDMA_Channel6_IRQHandler
                0x0000000008001b18                DMA2_Stream5_IRQHandler
                0x0000000008001b18                HRTIM1_FLT_IRQHandler
                0x0000000008001b18                JPEG_IRQHandler
                0x0000000008001b18                DMA1_Stream5_IRQHandler
                0x0000000008001b18                BDMA_Channel1_IRQHandler
                0x0000000008001b18                HRTIM1_TIMD_IRQHandler
                0x0000000008001b18                TAMP_STAMP_IRQHandler
                0x0000000008001b18                EXTI3_IRQHandler
                0x0000000008001b18                LPTIM4_IRQHandler
                0x0000000008001b18                TIM8_TRG_COM_TIM14_IRQHandler
                0x0000000008001b18                LPTIM2_IRQHandler
                0x0000000008001b18                DFSDM1_FLT1_IRQHandler
                0x0000000008001b18                DMAMUX2_OVR_IRQHandler
                0x0000000008001b18                TIM8_UP_TIM13_IRQHandler
                0x0000000008001b18                I2C3_ER_IRQHandler
                0x0000000008001b18                DFSDM1_FLT2_IRQHandler
                0x0000000008001b18                MDMA_IRQHandler
                0x0000000008001b18                LPTIM3_IRQHandler
                0x0000000008001b18                HSEM1_IRQHandler
                0x0000000008001b18                EXTI0_IRQHandler
                0x0000000008001b18                I2C2_EV_IRQHandler
                0x0000000008001b18                DMA1_Stream2_IRQHandler
                0x0000000008001b18                FPU_IRQHandler
                0x0000000008001b18                OTG_HS_WKUP_IRQHandler
                0x0000000008001b18                FDCAN1_IT1_IRQHandler
                0x0000000008001b18                LTDC_ER_IRQHandler
                0x0000000008001b18                DMA2_Stream2_IRQHandler
                0x0000000008001b18                HRTIM1_TIME_IRQHandler
                0x0000000008001b18                SPI1_IRQHandler
                0x0000000008001b18                TIM6_DAC_IRQHandler
                0x0000000008001b18                DCMI_IRQHandler
                0x0000000008001b18                HRTIM1_TIMC_IRQHandler
                0x0000000008001b18                DMA2_Stream3_IRQHandler
                0x0000000008001b18                SAI2_IRQHandler
                0x0000000008001b18                DFSDM1_FLT3_IRQHandler
                0x0000000008001b18                USART6_IRQHandler
                0x0000000008001b18                TIM17_IRQHandler
                0x0000000008001b18                USART3_IRQHandler
                0x0000000008001b18                BDMA_Channel7_IRQHandler
                0x0000000008001b18                CRYP_IRQHandler
                0x0000000008001b18                LPTIM5_IRQHandler
                0x0000000008001b18                UART5_IRQHandler
                0x0000000008001b18                ADC3_IRQHandler
                0x0000000008001b18                DMA2_Stream0_IRQHandler
                0x0000000008001b18                TIM4_IRQHandler
                0x0000000008001b18                BDMA_Channel2_IRQHandler
                0x0000000008001b18                QUADSPI_IRQHandler
                0x0000000008001b18                I2C1_EV_IRQHandler
                0x0000000008001b18                DMA1_Stream6_IRQHandler
                0x0000000008001b18                DMAMUX1_OVR_IRQHandler
                0x0000000008001b18                DMA1_Stream1_IRQHandler
                0x0000000008001b18                TIM16_IRQHandler
                0x0000000008001b18                UART4_IRQHandler
                0x0000000008001b18                BDMA_Channel5_IRQHandler
                0x0000000008001b18                TIM3_IRQHandler
                0x0000000008001b18                RCC_IRQHandler
                0x0000000008001b18                TIM8_BRK_TIM12_IRQHandler
                0x0000000008001b18                TIM1_TRG_COM_IRQHandler
                0x0000000008001b18                Default_Handler
                0x0000000008001b18                ECC_IRQHandler
                0x0000000008001b18                CEC_IRQHandler
                0x0000000008001b18                EXTI15_10_IRQHandler
                0x0000000008001b18                BDMA_Channel0_IRQHandler
                0x0000000008001b18                ADC_IRQHandler
                0x0000000008001b18                DMA1_Stream7_IRQHandler
                0x0000000008001b18                HRTIM1_TIMA_IRQHandler
                0x0000000008001b18                SPI5_IRQHandler
                0x0000000008001b18                TIM7_IRQHandler
                0x0000000008001b18                SDMMC1_IRQHandler
                0x0000000008001b18                TIM5_IRQHandler
                0x0000000008001b18                DMA2_Stream7_IRQHandler
                0x0000000008001b18                TIM15_IRQHandler
                0x0000000008001b18                PVD_AVD_IRQHandler
                0x0000000008001b18                I2C3_EV_IRQHandler
                0x0000000008001b18                EXTI9_5_IRQHandler
                0x0000000008001b18                RTC_WKUP_IRQHandler
                0x0000000008001b18                LTDC_IRQHandler
                0x0000000008001b18                SAI3_IRQHandler
                0x0000000008001b18                ETH_WKUP_IRQHandler
                0x0000000008001b18                SPDIF_RX_IRQHandler
                0x0000000008001b18                SPI2_IRQHandler
                0x0000000008001b18                OTG_HS_EP1_IN_IRQHandler
                0x0000000008001b18                DMA1_Stream0_IRQHandler
                0x0000000008001b18                CRS_IRQHandler
                0x0000000008001b18                EXTI4_IRQHandler
                0x0000000008001b18                HRTIM1_TIMB_IRQHandler
                0x0000000008001b18                FDCAN2_IT1_IRQHandler
                0x0000000008001b18                ETH_IRQHandler
                0x0000000008001b18                TIM1_UP_IRQHandler
                0x0000000008001b18                BDMA_Channel4_IRQHandler
                0x0000000008001b18                OTG_HS_EP1_OUT_IRQHandler
                0x0000000008001b18                WWDG_IRQHandler
                0x0000000008001b18                SPI6_IRQHandler
                0x0000000008001b18                MDIOS_IRQHandler
                0x0000000008001b18                I2C4_EV_IRQHandler
                0x0000000008001b18                FDCAN2_IT0_IRQHandler
                0x0000000008001b18                LPUART1_IRQHandler
                0x0000000008001b18                FDCAN1_IT0_IRQHandler
                0x0000000008001b18                TIM2_IRQHandler
                0x0000000008001b18                OTG_FS_WKUP_IRQHandler
                0x0000000008001b18                OTG_HS_IRQHandler
                0x0000000008001b18                DMA2D_IRQHandler
                0x0000000008001b18                TIM1_BRK_IRQHandler
                0x0000000008001b18                EXTI1_IRQHandler
                0x0000000008001b18                SDMMC2_IRQHandler
                0x0000000008001b18                OTG_FS_EP1_OUT_IRQHandler
                0x0000000008001b18                BDMA_Channel3_IRQHandler
                0x0000000008001b18                UART7_IRQHandler
                0x0000000008001b18                MDIOS_WKUP_IRQHandler
                0x0000000008001b18                USART2_IRQHandler
                0x0000000008001b18                DFSDM1_FLT0_IRQHandler
                0x0000000008001b18                SAI4_IRQHandler
                0x0000000008001b18                I2C2_ER_IRQHandler
                0x0000000008001b18                DMA2_Stream1_IRQHandler
                0x0000000008001b18                FLASH_IRQHandler
                0x0000000008001b18                DMA2_Stream4_IRQHandler
                0x0000000008001b18                USART1_IRQHandler
                0x0000000008001b18                SPI3_IRQHandler
                0x0000000008001b18                WAKEUP_PIN_IRQHandler
                0x0000000008001b18                DMA1_Stream4_IRQHandler
                0x0000000008001b18                OTG_FS_EP1_IN_IRQHandler
                0x0000000008001b18                I2C1_ER_IRQHandler
                0x0000000008001b18                FMC_IRQHandler
                0x0000000008001b18                FDCAN_CAL_IRQHandler
                0x0000000008001b18                SWPMI1_IRQHandler
                0x0000000008001b18                COMP1_IRQHandler
                0x0000000008001b18                LPTIM1_IRQHandler
                0x0000000008001b18                I2C4_ER_IRQHandler
                0x0000000008001b18                DMA2_Stream6_IRQHandler
                0x0000000008001b18                SAI1_IRQHandler
                0x0000000008001b18                DMA1_Stream3_IRQHandler
 *fill*         0x0000000008001b1a        0x2 
 .text.HAL_Init
                0x0000000008001b1c       0x78 ./Drivers/STM32H7xx_HAL_Driver/Src/stm32h7xx_hal.o
                0x0000000008001b1c                HAL_Init
 .text.HAL_InitTick
                0x0000000008001b94       0x6c ./Drivers/STM32H7xx_HAL_Driver/Src/stm32h7xx_hal.o
                0x0000000008001b94                HAL_InitTick
 .text.HAL_IncTick
                0x0000000008001c00       0x28 ./Drivers/STM32H7xx_HAL_Driver/Src/stm32h7xx_hal.o
                0x0000000008001c00                HAL_IncTick
 .text.HAL_GetTick
                0x0000000008001c28       0x18 ./Drivers/STM32H7xx_HAL_Driver/Src/stm32h7xx_hal.o
                0x0000000008001c28                HAL_GetTick
 .text.HAL_Delay
                0x0000000008001c40       0x48 ./Drivers/STM32H7xx_HAL_Driver/Src/stm32h7xx_hal.o
                0x0000000008001c40                HAL_Delay
 .text.HAL_GetREVID
                0x0000000008001c88       0x18 ./Drivers/STM32H7xx_HAL_Driver/Src/stm32h7xx_hal.o
                0x0000000008001c88                HAL_GetREVID
 .text.__NVIC_SetPriorityGrouping
                0x0000000008001ca0       0x48 ./Drivers/STM32H7xx_HAL_Driver/Src/stm32h7xx_hal_cortex.o
 .text.__NVIC_GetPriorityGrouping
                0x0000000008001ce8       0x1c ./Drivers/STM32H7xx_HAL_Driver/Src/stm32h7xx_hal_cortex.o
 .text.__NVIC_EnableIRQ
                0x0000000008001d04       0x3c ./Drivers/STM32H7xx_HAL_Driver/Src/stm32h7xx_hal_cortex.o
 .text.__NVIC_SetPriority
                0x0000000008001d40       0x54 ./Drivers/STM32H7xx_HAL_Driver/Src/stm32h7xx_hal_cortex.o
 .text.NVIC_EncodePriority
                0x0000000008001d94       0x66 ./Drivers/STM32H7xx_HAL_Driver/Src/stm32h7xx_hal_cortex.o
 *fill*         0x0000000008001dfa        0x2 
 .text.SysTick_Config
                0x0000000008001dfc       0x44 ./Drivers/STM32H7xx_HAL_Driver/Src/stm32h7xx_hal_cortex.o
 .text.HAL_NVIC_SetPriorityGrouping
                0x0000000008001e40       0x16 ./Drivers/STM32H7xx_HAL_Driver/Src/stm32h7xx_hal_cortex.o
                0x0000000008001e40                HAL_NVIC_SetPriorityGrouping
 .text.HAL_NVIC_SetPriority
                0x0000000008001e56       0x34 ./Drivers/STM32H7xx_HAL_Driver/Src/stm32h7xx_hal_cortex.o
                0x0000000008001e56                HAL_NVIC_SetPriority
 .text.HAL_NVIC_EnableIRQ
                0x0000000008001e8a       0x1c ./Drivers/STM32H7xx_HAL_Driver/Src/stm32h7xx_hal_cortex.o
                0x0000000008001e8a                HAL_NVIC_EnableIRQ
 .text.HAL_SYSTICK_Config
                0x0000000008001ea6       0x18 ./Drivers/STM32H7xx_HAL_Driver/Src/stm32h7xx_hal_cortex.o
                0x0000000008001ea6                HAL_SYSTICK_Config
 *fill*         0x0000000008001ebe        0x2 
 .text.HAL_MPU_Disable
                0x0000000008001ec0       0x30 ./Drivers/STM32H7xx_HAL_Driver/Src/stm32h7xx_hal_cortex.o
                0x0000000008001ec0                HAL_MPU_Disable
 .text.HAL_MPU_Enable
                0x0000000008001ef0       0x40 ./Drivers/STM32H7xx_HAL_Driver/Src/stm32h7xx_hal_cortex.o
                0x0000000008001ef0                HAL_MPU_Enable
 .text.HAL_MPU_ConfigRegion
                0x0000000008001f30       0x88 ./Drivers/STM32H7xx_HAL_Driver/Src/stm32h7xx_hal_cortex.o
                0x0000000008001f30                HAL_MPU_ConfigRegion
 .text.HAL_GPIO_Init
                0x0000000008001fb8      0x360 ./Drivers/STM32H7xx_HAL_Driver/Src/stm32h7xx_hal_gpio.o
                0x0000000008001fb8                HAL_GPIO_Init
 .text.HAL_GPIO_WritePin
                0x0000000008002318       0x32 ./Drivers/STM32H7xx_HAL_Driver/Src/stm32h7xx_hal_gpio.o
                0x0000000008002318                HAL_GPIO_WritePin
 *fill*         0x000000000800234a        0x2 
 .text.HAL_I2CEx_EnableFastModePlus
                0x000000000800234c       0x48 ./Drivers/STM32H7xx_HAL_Driver/Src/stm32h7xx_hal_i2c_ex.o
                0x000000000800234c                HAL_I2CEx_EnableFastModePlus
 .text.HAL_PCD_Init
                0x0000000008002394      0x248 ./Drivers/STM32H7xx_HAL_Driver/Src/stm32h7xx_hal_pcd.o
                0x0000000008002394                HAL_PCD_Init
 .text.HAL_PCD_Start
                0x00000000080025dc       0x66 ./Drivers/STM32H7xx_HAL_Driver/Src/stm32h7xx_hal_pcd.o
                0x00000000080025dc                HAL_PCD_Start
 .text.HAL_PCD_IRQHandler
                0x0000000008002642      0x7be ./Drivers/STM32H7xx_HAL_Driver/Src/stm32h7xx_hal_pcd.o
                0x0000000008002642                HAL_PCD_IRQHandler
 .text.HAL_PCD_SetAddress
                0x0000000008002e00       0x4a ./Drivers/STM32H7xx_HAL_Driver/Src/stm32h7xx_hal_pcd.o
                0x0000000008002e00                HAL_PCD_SetAddress
 .text.HAL_PCD_EP_Open
                0x0000000008002e4a       0xd0 ./Drivers/STM32H7xx_HAL_Driver/Src/stm32h7xx_hal_pcd.o
                0x0000000008002e4a                HAL_PCD_EP_Open
 .text.HAL_PCD_EP_Close
                0x0000000008002f1a       0x94 ./Drivers/STM32H7xx_HAL_Driver/Src/stm32h7xx_hal_pcd.o
                0x0000000008002f1a                HAL_PCD_EP_Close
 .text.HAL_PCD_EP_Receive
                0x0000000008002fae       0x96 ./Drivers/STM32H7xx_HAL_Driver/Src/stm32h7xx_hal_pcd.o
                0x0000000008002fae                HAL_PCD_EP_Receive
 .text.HAL_PCD_EP_GetRxCount
                0x0000000008003044       0x30 ./Drivers/STM32H7xx_HAL_Driver/Src/stm32h7xx_hal_pcd.o
                0x0000000008003044                HAL_PCD_EP_GetRxCount
 .text.HAL_PCD_EP_Transmit
                0x0000000008003074       0x94 ./Drivers/STM32H7xx_HAL_Driver/Src/stm32h7xx_hal_pcd.o
                0x0000000008003074                HAL_PCD_EP_Transmit
 .text.HAL_PCD_EP_SetStall
                0x0000000008003108       0xc8 ./Drivers/STM32H7xx_HAL_Driver/Src/stm32h7xx_hal_pcd.o
                0x0000000008003108                HAL_PCD_EP_SetStall
 .text.HAL_PCD_EP_ClrStall
                0x00000000080031d0       0xac ./Drivers/STM32H7xx_HAL_Driver/Src/stm32h7xx_hal_pcd.o
                0x00000000080031d0                HAL_PCD_EP_ClrStall
 .text.HAL_PCD_EP_Flush
                0x000000000800327c       0x5a ./Drivers/STM32H7xx_HAL_Driver/Src/stm32h7xx_hal_pcd.o
                0x000000000800327c                HAL_PCD_EP_Flush
 .text.PCD_WriteEmptyTxFifo
                0x00000000080032d6      0x11a ./Drivers/STM32H7xx_HAL_Driver/Src/stm32h7xx_hal_pcd.o
 .text.PCD_EP_OutXfrComplete_int
                0x00000000080033f0      0x218 ./Drivers/STM32H7xx_HAL_Driver/Src/stm32h7xx_hal_pcd.o
 .text.PCD_EP_OutSetupPacket_int
                0x0000000008003608       0x8c ./Drivers/STM32H7xx_HAL_Driver/Src/stm32h7xx_hal_pcd.o
 .text.HAL_PCDEx_SetTxFiFo
                0x0000000008003694       0x8e ./Drivers/STM32H7xx_HAL_Driver/Src/stm32h7xx_hal_pcd_ex.o
                0x0000000008003694                HAL_PCDEx_SetTxFiFo
 .text.HAL_PCDEx_SetRxFiFo
                0x0000000008003722       0x22 ./Drivers/STM32H7xx_HAL_Driver/Src/stm32h7xx_hal_pcd_ex.o
                0x0000000008003722                HAL_PCDEx_SetRxFiFo
 .text.HAL_PCDEx_ActivateLPM
                0x0000000008003744       0x48 ./Drivers/STM32H7xx_HAL_Driver/Src/stm32h7xx_hal_pcd_ex.o
                0x0000000008003744                HAL_PCDEx_ActivateLPM
 .text.HAL_PCDEx_LPM_Callback
                0x000000000800378c       0x18 ./Drivers/STM32H7xx_HAL_Driver/Src/stm32h7xx_hal_pcd_ex.o
                0x000000000800378c                HAL_PCDEx_LPM_Callback
 .text.HAL_PWREx_ConfigSupply
                0x00000000080037a4       0x74 ./Drivers/STM32H7xx_HAL_Driver/Src/stm32h7xx_hal_pwr_ex.o
                0x00000000080037a4                HAL_PWREx_ConfigSupply
 .text.HAL_PWREx_EnableUSBVoltageDetector
                0x0000000008003818       0x20 ./Drivers/STM32H7xx_HAL_Driver/Src/stm32h7xx_hal_pwr_ex.o
                0x0000000008003818                HAL_PWREx_EnableUSBVoltageDetector
 .text.HAL_QSPI_Init
                0x0000000008003838       0xe8 ./Drivers/STM32H7xx_HAL_Driver/Src/stm32h7xx_hal_qspi.o
                0x0000000008003838                HAL_QSPI_Init
 .text.HAL_QSPI_Command
                0x0000000008003920       0xbc ./Drivers/STM32H7xx_HAL_Driver/Src/stm32h7xx_hal_qspi.o
                0x0000000008003920                HAL_QSPI_Command
 .text.HAL_QSPI_Transmit
                0x00000000080039dc      0x124 ./Drivers/STM32H7xx_HAL_Driver/Src/stm32h7xx_hal_qspi.o
                0x00000000080039dc                HAL_QSPI_Transmit
 .text.HAL_QSPI_Receive
                0x0000000008003b00      0x13a ./Drivers/STM32H7xx_HAL_Driver/Src/stm32h7xx_hal_qspi.o
                0x0000000008003b00                HAL_QSPI_Receive
 .text.HAL_QSPI_AutoPolling
                0x0000000008003c3a       0xee ./Drivers/STM32H7xx_HAL_Driver/Src/stm32h7xx_hal_qspi.o
                0x0000000008003c3a                HAL_QSPI_AutoPolling
 .text.HAL_QSPI_SetTimeout
                0x0000000008003d28       0x1c ./Drivers/STM32H7xx_HAL_Driver/Src/stm32h7xx_hal_qspi.o
                0x0000000008003d28                HAL_QSPI_SetTimeout
 .text.QSPI_WaitFlagStateUntilTimeout
                0x0000000008003d44       0x6e ./Drivers/STM32H7xx_HAL_Driver/Src/stm32h7xx_hal_qspi.o
 .text.QSPI_Config
                0x0000000008003db2      0x30c ./Drivers/STM32H7xx_HAL_Driver/Src/stm32h7xx_hal_qspi.o
 *fill*         0x00000000080040be        0x2 
 .text.HAL_RCC_OscConfig
                0x00000000080040c0      0x81c ./Drivers/STM32H7xx_HAL_Driver/Src/stm32h7xx_hal_rcc.o
                0x00000000080040c0                HAL_RCC_OscConfig
 .text.HAL_RCC_ClockConfig
                0x00000000080048dc      0x36c ./Drivers/STM32H7xx_HAL_Driver/Src/stm32h7xx_hal_rcc.o
                0x00000000080048dc                HAL_RCC_ClockConfig
 .text.HAL_RCC_GetSysClockFreq
                0x0000000008004c48      0x2f4 ./Drivers/STM32H7xx_HAL_Driver/Src/stm32h7xx_hal_rcc.o
                0x0000000008004c48                HAL_RCC_GetSysClockFreq
 .text.HAL_RCC_GetHCLKFreq
                0x0000000008004f3c       0x60 ./Drivers/STM32H7xx_HAL_Driver/Src/stm32h7xx_hal_rcc.o
                0x0000000008004f3c                HAL_RCC_GetHCLKFreq
 .text.HAL_RCCEx_PeriphCLKConfig
                0x0000000008004f9c      0xe8c ./Drivers/STM32H7xx_HAL_Driver/Src/stm32h7xx_hal_rcc_ex.o
                0x0000000008004f9c                HAL_RCCEx_PeriphCLKConfig
 .text.RCCEx_PLL2_Config
                0x0000000008005e28      0x164 ./Drivers/STM32H7xx_HAL_Driver/Src/stm32h7xx_hal_rcc_ex.o
 .text.RCCEx_PLL3_Config
                0x0000000008005f8c      0x164 ./Drivers/STM32H7xx_HAL_Driver/Src/stm32h7xx_hal_rcc_ex.o
 .text.HAL_RTC_Init
                0x00000000080060f0       0xf0 ./Drivers/STM32H7xx_HAL_Driver/Src/stm32h7xx_hal_rtc.o
                0x00000000080060f0                HAL_RTC_Init
 .text.HAL_RTC_WaitForSynchro
                0x00000000080061e0       0x4c ./Drivers/STM32H7xx_HAL_Driver/Src/stm32h7xx_hal_rtc.o
                0x00000000080061e0                HAL_RTC_WaitForSynchro
 .text.RTC_EnterInitMode
                0x000000000800622c       0x60 ./Drivers/STM32H7xx_HAL_Driver/Src/stm32h7xx_hal_rtc.o
                0x000000000800622c                RTC_EnterInitMode
 .text.RTC_ExitInitMode
                0x000000000800628c       0x7c ./Drivers/STM32H7xx_HAL_Driver/Src/stm32h7xx_hal_rtc.o
                0x000000000800628c                RTC_ExitInitMode
 .text.HAL_SPI_Init
                0x0000000008006308      0x204 ./Drivers/STM32H7xx_HAL_Driver/Src/stm32h7xx_hal_spi.o
                0x0000000008006308                HAL_SPI_Init
 .text.HAL_SPI_Transmit
                0x000000000800650c      0x3e4 ./Drivers/STM32H7xx_HAL_Driver/Src/stm32h7xx_hal_spi.o
                0x000000000800650c                HAL_SPI_Transmit
 .text.HAL_SPI_Receive
                0x00000000080068f0      0x3e4 ./Drivers/STM32H7xx_HAL_Driver/Src/stm32h7xx_hal_spi.o
                0x00000000080068f0                HAL_SPI_Receive
 .text.HAL_SPI_TransmitReceive
                0x0000000008006cd4      0x5d8 ./Drivers/STM32H7xx_HAL_Driver/Src/stm32h7xx_hal_spi.o
                0x0000000008006cd4                HAL_SPI_TransmitReceive
 .text.SPI_CloseTransfer
                0x00000000080072ac      0x140 ./Drivers/STM32H7xx_HAL_Driver/Src/stm32h7xx_hal_spi.o
 .text.SPI_WaitOnFlagUntilTimeout
                0x00000000080073ec       0x5c ./Drivers/STM32H7xx_HAL_Driver/Src/stm32h7xx_hal_spi.o
 .text.SPI_GetPacketSize
                0x0000000008007448       0x36 ./Drivers/STM32H7xx_HAL_Driver/Src/stm32h7xx_hal_spi.o
 *fill*         0x000000000800747e        0x2 
 .text.USB_CoreInit
                0x0000000008007480       0xdc ./Drivers/STM32H7xx_HAL_Driver/Src/stm32h7xx_ll_usb.o
                0x0000000008007480                USB_CoreInit
 .text.USB_SetTurnaroundTime
                0x000000000800755c      0x144 ./Drivers/STM32H7xx_HAL_Driver/Src/stm32h7xx_ll_usb.o
                0x000000000800755c                USB_SetTurnaroundTime
 .text.USB_EnableGlobalInt
                0x00000000080076a0       0x22 ./Drivers/STM32H7xx_HAL_Driver/Src/stm32h7xx_ll_usb.o
                0x00000000080076a0                USB_EnableGlobalInt
 .text.USB_DisableGlobalInt
                0x00000000080076c2       0x22 ./Drivers/STM32H7xx_HAL_Driver/Src/stm32h7xx_ll_usb.o
                0x00000000080076c2                USB_DisableGlobalInt
 .text.USB_SetCurrentMode
                0x00000000080076e4       0x54 ./Drivers/STM32H7xx_HAL_Driver/Src/stm32h7xx_ll_usb.o
                0x00000000080076e4                USB_SetCurrentMode
 .text.USB_DevInit
                0x0000000008007738      0x2bc ./Drivers/STM32H7xx_HAL_Driver/Src/stm32h7xx_ll_usb.o
                0x0000000008007738                USB_DevInit
 .text.USB_FlushTxFifo
                0x00000000080079f4       0x4c ./Drivers/STM32H7xx_HAL_Driver/Src/stm32h7xx_ll_usb.o
                0x00000000080079f4                USB_FlushTxFifo
 .text.USB_FlushRxFifo
                0x0000000008007a40       0x44 ./Drivers/STM32H7xx_HAL_Driver/Src/stm32h7xx_ll_usb.o
                0x0000000008007a40                USB_FlushRxFifo
 .text.USB_SetDevSpeed
                0x0000000008007a84       0x32 ./Drivers/STM32H7xx_HAL_Driver/Src/stm32h7xx_ll_usb.o
                0x0000000008007a84                USB_SetDevSpeed
 .text.USB_GetDevSpeed
                0x0000000008007ab6       0x4a ./Drivers/STM32H7xx_HAL_Driver/Src/stm32h7xx_ll_usb.o
                0x0000000008007ab6                USB_GetDevSpeed
 .text.USB_ActivateEndpoint
                0x0000000008007b00      0x110 ./Drivers/STM32H7xx_HAL_Driver/Src/stm32h7xx_ll_usb.o
                0x0000000008007b00                USB_ActivateEndpoint
 .text.USB_DeactivateEndpoint
                0x0000000008007c10      0x1b8 ./Drivers/STM32H7xx_HAL_Driver/Src/stm32h7xx_ll_usb.o
                0x0000000008007c10                USB_DeactivateEndpoint
 .text.USB_EPStartXfer
                0x0000000008007dc8      0x498 ./Drivers/STM32H7xx_HAL_Driver/Src/stm32h7xx_ll_usb.o
                0x0000000008007dc8                USB_EPStartXfer
 .text.USB_EP0StartXfer
                0x0000000008008260      0x2b0 ./Drivers/STM32H7xx_HAL_Driver/Src/stm32h7xx_ll_usb.o
                0x0000000008008260                USB_EP0StartXfer
 .text.USB_WritePacket
                0x0000000008008510       0x7c ./Drivers/STM32H7xx_HAL_Driver/Src/stm32h7xx_ll_usb.o
                0x0000000008008510                USB_WritePacket
 .text.USB_ReadPacket
                0x000000000800858c       0xb0 ./Drivers/STM32H7xx_HAL_Driver/Src/stm32h7xx_ll_usb.o
                0x000000000800858c                USB_ReadPacket
 .text.USB_EPSetStall
                0x000000000800863c       0xdc ./Drivers/STM32H7xx_HAL_Driver/Src/stm32h7xx_ll_usb.o
                0x000000000800863c                USB_EPSetStall
 .text.USB_EPClearStall
                0x0000000008008718       0xcc ./Drivers/STM32H7xx_HAL_Driver/Src/stm32h7xx_ll_usb.o
                0x0000000008008718                USB_EPClearStall
 .text.USB_SetDevAddress
                0x00000000080087e4       0x4c ./Drivers/STM32H7xx_HAL_Driver/Src/stm32h7xx_ll_usb.o
                0x00000000080087e4                USB_SetDevAddress
 .text.USB_DevConnect
                0x0000000008008830       0x42 ./Drivers/STM32H7xx_HAL_Driver/Src/stm32h7xx_ll_usb.o
                0x0000000008008830                USB_DevConnect
 .text.USB_DevDisconnect
                0x0000000008008872       0x42 ./Drivers/STM32H7xx_HAL_Driver/Src/stm32h7xx_ll_usb.o
                0x0000000008008872                USB_DevDisconnect
 .text.USB_ReadInterrupts
                0x00000000080088b4       0x26 ./Drivers/STM32H7xx_HAL_Driver/Src/stm32h7xx_ll_usb.o
                0x00000000080088b4                USB_ReadInterrupts
 .text.USB_ReadDevAllOutEpInterrupt
                0x00000000080088da       0x34 ./Drivers/STM32H7xx_HAL_Driver/Src/stm32h7xx_ll_usb.o
                0x00000000080088da                USB_ReadDevAllOutEpInterrupt
 .text.USB_ReadDevAllInEpInterrupt
                0x000000000800890e       0x34 ./Drivers/STM32H7xx_HAL_Driver/Src/stm32h7xx_ll_usb.o
                0x000000000800890e                USB_ReadDevAllInEpInterrupt
 .text.USB_ReadDevOutEPInterrupt
                0x0000000008008942       0x3c ./Drivers/STM32H7xx_HAL_Driver/Src/stm32h7xx_ll_usb.o
                0x0000000008008942                USB_ReadDevOutEPInterrupt
 .text.USB_ReadDevInEPInterrupt
                0x000000000800897e       0x5c ./Drivers/STM32H7xx_HAL_Driver/Src/stm32h7xx_ll_usb.o
                0x000000000800897e                USB_ReadDevInEPInterrupt
 .text.USB_GetMode
                0x00000000080089da       0x1c ./Drivers/STM32H7xx_HAL_Driver/Src/stm32h7xx_ll_usb.o
                0x00000000080089da                USB_GetMode
 *fill*         0x00000000080089f6        0x2 
 .text.USB_ActivateSetup
                0x00000000080089f8       0x48 ./Drivers/STM32H7xx_HAL_Driver/Src/stm32h7xx_ll_usb.o
                0x00000000080089f8                USB_ActivateSetup
 .text.USB_EP0_OutStart
                0x0000000008008a40       0xbc ./Drivers/STM32H7xx_HAL_Driver/Src/stm32h7xx_ll_usb.o
                0x0000000008008a40                USB_EP0_OutStart
 .text.USB_CoreReset
                0x0000000008008afc       0x68 ./Drivers/STM32H7xx_HAL_Driver/Src/stm32h7xx_ll_usb.o
 .text.USBD_MSC_Init
                0x0000000008008b64       0x9a ./Middlewares/ST/STM32_USB_Device_Library/Class/MSC/Src/usbd_msc.o
                0x0000000008008b64                USBD_MSC_Init
 .text.USBD_MSC_DeInit
                0x0000000008008bfe       0x58 ./Middlewares/ST/STM32_USB_Device_Library/Class/MSC/Src/usbd_msc.o
                0x0000000008008bfe                USBD_MSC_DeInit
 *fill*         0x0000000008008c56        0x2 
 .text.USBD_MSC_Setup
                0x0000000008008c58      0x1e4 ./Middlewares/ST/STM32_USB_Device_Library/Class/MSC/Src/usbd_msc.o
                0x0000000008008c58                USBD_MSC_Setup
 .text.USBD_MSC_DataIn
                0x0000000008008e3c       0x20 ./Middlewares/ST/STM32_USB_Device_Library/Class/MSC/Src/usbd_msc.o
                0x0000000008008e3c                USBD_MSC_DataIn
 .text.USBD_MSC_DataOut
                0x0000000008008e5c       0x20 ./Middlewares/ST/STM32_USB_Device_Library/Class/MSC/Src/usbd_msc.o
                0x0000000008008e5c                USBD_MSC_DataOut
 .text.USBD_MSC_GetHSCfgDesc
                0x0000000008008e7c       0x20 ./Middlewares/ST/STM32_USB_Device_Library/Class/MSC/Src/usbd_msc.o
                0x0000000008008e7c                USBD_MSC_GetHSCfgDesc
 .text.USBD_MSC_GetFSCfgDesc
                0x0000000008008e9c       0x20 ./Middlewares/ST/STM32_USB_Device_Library/Class/MSC/Src/usbd_msc.o
                0x0000000008008e9c                USBD_MSC_GetFSCfgDesc
 .text.USBD_MSC_GetOtherSpeedCfgDesc
                0x0000000008008ebc       0x20 ./Middlewares/ST/STM32_USB_Device_Library/Class/MSC/Src/usbd_msc.o
                0x0000000008008ebc                USBD_MSC_GetOtherSpeedCfgDesc
 .text.USBD_MSC_GetDeviceQualifierDescriptor
                0x0000000008008edc       0x20 ./Middlewares/ST/STM32_USB_Device_Library/Class/MSC/Src/usbd_msc.o
                0x0000000008008edc                USBD_MSC_GetDeviceQualifierDescriptor
 .text.USBD_MSC_RegisterStorage
                0x0000000008008efc       0x2a ./Middlewares/ST/STM32_USB_Device_Library/Class/MSC/Src/usbd_msc.o
                0x0000000008008efc                USBD_MSC_RegisterStorage
 .text.MSC_BOT_Init
                0x0000000008008f26       0x7e ./Middlewares/ST/STM32_USB_Device_Library/Class/MSC/Src/usbd_msc_bot.o
                0x0000000008008f26                MSC_BOT_Init
 .text.MSC_BOT_Reset
                0x0000000008008fa4       0x4e ./Middlewares/ST/STM32_USB_Device_Library/Class/MSC/Src/usbd_msc_bot.o
                0x0000000008008fa4                MSC_BOT_Reset
 .text.MSC_BOT_DeInit
                0x0000000008008ff2       0x28 ./Middlewares/ST/STM32_USB_Device_Library/Class/MSC/Src/usbd_msc_bot.o
                0x0000000008008ff2                MSC_BOT_DeInit
 .text.MSC_BOT_DataIn
                0x000000000800901a       0x70 ./Middlewares/ST/STM32_USB_Device_Library/Class/MSC/Src/usbd_msc_bot.o
                0x000000000800901a                MSC_BOT_DataIn
 .text.MSC_BOT_DataOut
                0x000000000800908a       0x64 ./Middlewares/ST/STM32_USB_Device_Library/Class/MSC/Src/usbd_msc_bot.o
                0x000000000800908a                MSC_BOT_DataOut
 *fill*         0x00000000080090ee        0x2 
 .text.MSC_BOT_CBW_Decode
                0x00000000080090f0      0x130 ./Middlewares/ST/STM32_USB_Device_Library/Class/MSC/Src/usbd_msc_bot.o
 .text.MSC_BOT_SendData
                0x0000000008009220       0x68 ./Middlewares/ST/STM32_USB_Device_Library/Class/MSC/Src/usbd_msc_bot.o
 .text.MSC_BOT_SendCSW
                0x0000000008009288       0x6c ./Middlewares/ST/STM32_USB_Device_Library/Class/MSC/Src/usbd_msc_bot.o
                0x0000000008009288                MSC_BOT_SendCSW
 .text.MSC_BOT_Abort
                0x00000000080092f4       0x68 ./Middlewares/ST/STM32_USB_Device_Library/Class/MSC/Src/usbd_msc_bot.o
 .text.MSC_BOT_CplClrFeature
                0x000000000800935c       0x5a ./Middlewares/ST/STM32_USB_Device_Library/Class/MSC/Src/usbd_msc_bot.o
                0x000000000800935c                MSC_BOT_CplClrFeature
 *fill*         0x00000000080093b6        0x2 
 .text.SCSI_ProcessCmd
                0x00000000080093b8      0x2fc ./Middlewares/ST/STM32_USB_Device_Library/Class/MSC/Src/usbd_msc_scsi.o
                0x00000000080093b8                SCSI_ProcessCmd
 .text.SCSI_TestUnitReady
                0x00000000080096b4       0xa8 ./Middlewares/ST/STM32_USB_Device_Library/Class/MSC/Src/usbd_msc_scsi.o
 .text.SCSI_Inquiry
                0x000000000800975c       0xf0 ./Middlewares/ST/STM32_USB_Device_Library/Class/MSC/Src/usbd_msc_scsi.o
 .text.SCSI_ReadCapacity10
                0x000000000800984c      0x10c ./Middlewares/ST/STM32_USB_Device_Library/Class/MSC/Src/usbd_msc_scsi.o
 .text.SCSI_ReadCapacity16
                0x0000000008009958      0x176 ./Middlewares/ST/STM32_USB_Device_Library/Class/MSC/Src/usbd_msc_scsi.o
 .text.SCSI_ReadFormatCapacity
                0x0000000008009ace       0xe8 ./Middlewares/ST/STM32_USB_Device_Library/Class/MSC/Src/usbd_msc_scsi.o
 *fill*         0x0000000008009bb6        0x2 
 .text.SCSI_ModeSense6
                0x0000000008009bb8       0x58 ./Middlewares/ST/STM32_USB_Device_Library/Class/MSC/Src/usbd_msc_scsi.o
 .text.SCSI_ModeSense10
                0x0000000008009c10       0x58 ./Middlewares/ST/STM32_USB_Device_Library/Class/MSC/Src/usbd_msc_scsi.o
 .text.SCSI_RequestSense
                0x0000000008009c68      0x12c ./Middlewares/ST/STM32_USB_Device_Library/Class/MSC/Src/usbd_msc_scsi.o
 .text.SCSI_SenseCode
                0x0000000008009d94       0xb0 ./Middlewares/ST/STM32_USB_Device_Library/Class/MSC/Src/usbd_msc_scsi.o
                0x0000000008009d94                SCSI_SenseCode
 .text.SCSI_StartStopUnit
                0x0000000008009e44       0xb2 ./Middlewares/ST/STM32_USB_Device_Library/Class/MSC/Src/usbd_msc_scsi.o
 .text.SCSI_AllowPreventRemovable
                0x0000000008009ef6       0x5a ./Middlewares/ST/STM32_USB_Device_Library/Class/MSC/Src/usbd_msc_scsi.o
 .text.SCSI_Read10
                0x0000000008009f50      0x15c ./Middlewares/ST/STM32_USB_Device_Library/Class/MSC/Src/usbd_msc_scsi.o
 .text.SCSI_Read12
                0x000000000800a0ac      0x170 ./Middlewares/ST/STM32_USB_Device_Library/Class/MSC/Src/usbd_msc_scsi.o
 .text.SCSI_Write10
                0x000000000800a21c      0x1a4 ./Middlewares/ST/STM32_USB_Device_Library/Class/MSC/Src/usbd_msc_scsi.o
 .text.SCSI_Write12
                0x000000000800a3c0      0x1c4 ./Middlewares/ST/STM32_USB_Device_Library/Class/MSC/Src/usbd_msc_scsi.o
 .text.SCSI_Verify10
                0x000000000800a584       0x76 ./Middlewares/ST/STM32_USB_Device_Library/Class/MSC/Src/usbd_msc_scsi.o
 .text.SCSI_CheckAddressRange
                0x000000000800a5fa       0x52 ./Middlewares/ST/STM32_USB_Device_Library/Class/MSC/Src/usbd_msc_scsi.o
 .text.SCSI_ProcessRead
                0x000000000800a64c      0x114 ./Middlewares/ST/STM32_USB_Device_Library/Class/MSC/Src/usbd_msc_scsi.o
 .text.SCSI_ProcessWrite
                0x000000000800a760      0x13a ./Middlewares/ST/STM32_USB_Device_Library/Class/MSC/Src/usbd_msc_scsi.o
 .text.SCSI_UpdateBotData
                0x000000000800a89a       0x52 ./Middlewares/ST/STM32_USB_Device_Library/Class/MSC/Src/usbd_msc_scsi.o
 .text.USBD_Init
                0x000000000800a8ec       0x60 ./Middlewares/ST/STM32_USB_Device_Library/Core/Src/usbd_core.o
                0x000000000800a8ec                USBD_Init
 .text.USBD_RegisterClass
                0x000000000800a94c       0x4e ./Middlewares/ST/STM32_USB_Device_Library/Core/Src/usbd_core.o
                0x000000000800a94c                USBD_RegisterClass
 .text.USBD_Start
                0x000000000800a99a       0x18 ./Middlewares/ST/STM32_USB_Device_Library/Core/Src/usbd_core.o
                0x000000000800a99a                USBD_Start
 .text.USBD_RunTestMode
                0x000000000800a9b2       0x16 ./Middlewares/ST/STM32_USB_Device_Library/Core/Src/usbd_core.o
                0x000000000800a9b2                USBD_RunTestMode
 .text.USBD_SetClassConfig
                0x000000000800a9c8       0x38 ./Middlewares/ST/STM32_USB_Device_Library/Core/Src/usbd_core.o
                0x000000000800a9c8                USBD_SetClassConfig
 .text.USBD_ClrClassConfig
                0x000000000800aa00       0x30 ./Middlewares/ST/STM32_USB_Device_Library/Core/Src/usbd_core.o
                0x000000000800aa00                USBD_ClrClassConfig
 .text.USBD_LL_SetupStage
                0x000000000800aa30       0xaa ./Middlewares/ST/STM32_USB_Device_Library/Core/Src/usbd_core.o
                0x000000000800aa30                USBD_LL_SetupStage
 .text.USBD_LL_DataOutStage
                0x000000000800aada       0xc6 ./Middlewares/ST/STM32_USB_Device_Library/Core/Src/usbd_core.o
                0x000000000800aada                USBD_LL_DataOutStage
 .text.USBD_LL_DataInStage
                0x000000000800aba0      0x12c ./Middlewares/ST/STM32_USB_Device_Library/Core/Src/usbd_core.o
                0x000000000800aba0                USBD_LL_DataInStage
 .text.USBD_LL_Reset
                0x000000000800accc       0x9c ./Middlewares/ST/STM32_USB_Device_Library/Core/Src/usbd_core.o
                0x000000000800accc                USBD_LL_Reset
 .text.USBD_LL_SetSpeed
                0x000000000800ad68       0x20 ./Middlewares/ST/STM32_USB_Device_Library/Core/Src/usbd_core.o
                0x000000000800ad68                USBD_LL_SetSpeed
 .text.USBD_LL_Suspend
                0x000000000800ad88       0x2c ./Middlewares/ST/STM32_USB_Device_Library/Core/Src/usbd_core.o
                0x000000000800ad88                USBD_LL_Suspend
 .text.USBD_LL_Resume
                0x000000000800adb4       0x30 ./Middlewares/ST/STM32_USB_Device_Library/Core/Src/usbd_core.o
                0x000000000800adb4                USBD_LL_Resume
 .text.USBD_LL_SOF
                0x000000000800ade4       0x44 ./Middlewares/ST/STM32_USB_Device_Library/Core/Src/usbd_core.o
                0x000000000800ade4                USBD_LL_SOF
 .text.USBD_LL_IsoINIncomplete
                0x000000000800ae28       0x4c ./Middlewares/ST/STM32_USB_Device_Library/Core/Src/usbd_core.o
                0x000000000800ae28                USBD_LL_IsoINIncomplete
 .text.USBD_LL_IsoOUTIncomplete
                0x000000000800ae74       0x4c ./Middlewares/ST/STM32_USB_Device_Library/Core/Src/usbd_core.o
                0x000000000800ae74                USBD_LL_IsoOUTIncomplete
 .text.USBD_LL_DevConnected
                0x000000000800aec0       0x16 ./Middlewares/ST/STM32_USB_Device_Library/Core/Src/usbd_core.o
                0x000000000800aec0                USBD_LL_DevConnected
 .text.USBD_LL_DevDisconnected
                0x000000000800aed6       0x38 ./Middlewares/ST/STM32_USB_Device_Library/Core/Src/usbd_core.o
                0x000000000800aed6                USBD_LL_DevDisconnected
 .text.SWAPBYTE
                0x000000000800af0e       0x3c ./Middlewares/ST/STM32_USB_Device_Library/Core/Src/usbd_ctlreq.o
 *fill*         0x000000000800af4a        0x2 
 .text.USBD_StdDevReq
                0x000000000800af4c       0xdc ./Middlewares/ST/STM32_USB_Device_Library/Core/Src/usbd_ctlreq.o
                0x000000000800af4c                USBD_StdDevReq
 .text.USBD_StdItfReq
                0x000000000800b028       0x92 ./Middlewares/ST/STM32_USB_Device_Library/Core/Src/usbd_ctlreq.o
                0x000000000800b028                USBD_StdItfReq
 .text.USBD_StdEPReq
                0x000000000800b0ba      0x2c4 ./Middlewares/ST/STM32_USB_Device_Library/Core/Src/usbd_ctlreq.o
                0x000000000800b0ba                USBD_StdEPReq
 *fill*         0x000000000800b37e        0x2 
 .text.USBD_GetDescriptor
                0x000000000800b380      0x2d4 ./Middlewares/ST/STM32_USB_Device_Library/Core/Src/usbd_ctlreq.o
 .text.USBD_SetAddress
                0x000000000800b654       0x88 ./Middlewares/ST/STM32_USB_Device_Library/Core/Src/usbd_ctlreq.o
 .text.USBD_SetConfig
                0x000000000800b6dc      0x14c ./Middlewares/ST/STM32_USB_Device_Library/Core/Src/usbd_ctlreq.o
 .text.USBD_GetConfig
                0x000000000800b828       0x6c ./Middlewares/ST/STM32_USB_Device_Library/Core/Src/usbd_ctlreq.o
 .text.USBD_GetStatus
                0x000000000800b894       0x68 ./Middlewares/ST/STM32_USB_Device_Library/Core/Src/usbd_ctlreq.o
 .text.USBD_SetFeature
                0x000000000800b8fc       0x28 ./Middlewares/ST/STM32_USB_Device_Library/Core/Src/usbd_ctlreq.o
 .text.USBD_ClrFeature
                0x000000000800b924       0x44 ./Middlewares/ST/STM32_USB_Device_Library/Core/Src/usbd_ctlreq.o
 .text.USBD_ParseSetupRequest
                0x000000000800b968       0x74 ./Middlewares/ST/STM32_USB_Device_Library/Core/Src/usbd_ctlreq.o
                0x000000000800b968                USBD_ParseSetupRequest
 .text.USBD_CtlError
                0x000000000800b9dc       0x22 ./Middlewares/ST/STM32_USB_Device_Library/Core/Src/usbd_ctlreq.o
                0x000000000800b9dc                USBD_CtlError
 .text.USBD_GetString
                0x000000000800b9fe       0x8c ./Middlewares/ST/STM32_USB_Device_Library/Core/Src/usbd_ctlreq.o
                0x000000000800b9fe                USBD_GetString
 .text.USBD_GetLen
                0x000000000800ba8a       0x34 ./Middlewares/ST/STM32_USB_Device_Library/Core/Src/usbd_ctlreq.o
 .text.USBD_CtlSendData
                0x000000000800babe       0x36 ./Middlewares/ST/STM32_USB_Device_Library/Core/Src/usbd_ioreq.o
                0x000000000800babe                USBD_CtlSendData
 .text.USBD_CtlContinueSendData
                0x000000000800baf4       0x22 ./Middlewares/ST/STM32_USB_Device_Library/Core/Src/usbd_ioreq.o
                0x000000000800baf4                USBD_CtlContinueSendData
 .text.USBD_CtlContinueRx
                0x000000000800bb16       0x22 ./Middlewares/ST/STM32_USB_Device_Library/Core/Src/usbd_ioreq.o
                0x000000000800bb16                USBD_CtlContinueRx
 .text.USBD_CtlSendStatus
                0x000000000800bb38       0x26 ./Middlewares/ST/STM32_USB_Device_Library/Core/Src/usbd_ioreq.o
                0x000000000800bb38                USBD_CtlSendStatus
 .text.USBD_CtlReceiveStatus
                0x000000000800bb5e       0x26 ./Middlewares/ST/STM32_USB_Device_Library/Core/Src/usbd_ioreq.o
                0x000000000800bb5e                USBD_CtlReceiveStatus
 .text.MX_USB_DEVICE_Init
                0x000000000800bb84       0x70 ./USB_DEVICE/App/usb_device.o
                0x000000000800bb84                MX_USB_DEVICE_Init
 .text.USBD_FS_DeviceDescriptor
                0x000000000800bbf4       0x24 ./USB_DEVICE/App/usbd_desc.o
                0x000000000800bbf4                USBD_FS_DeviceDescriptor
 .text.USBD_FS_LangIDStrDescriptor
                0x000000000800bc18       0x24 ./USB_DEVICE/App/usbd_desc.o
                0x000000000800bc18                USBD_FS_LangIDStrDescriptor
 .text.USBD_FS_ProductStrDescriptor
                0x000000000800bc3c       0x3c ./USB_DEVICE/App/usbd_desc.o
                0x000000000800bc3c                USBD_FS_ProductStrDescriptor
 .text.USBD_FS_ManufacturerStrDescriptor
                0x000000000800bc78       0x28 ./USB_DEVICE/App/usbd_desc.o
                0x000000000800bc78                USBD_FS_ManufacturerStrDescriptor
 .text.USBD_FS_SerialStrDescriptor
                0x000000000800bca0       0x24 ./USB_DEVICE/App/usbd_desc.o
                0x000000000800bca0                USBD_FS_SerialStrDescriptor
 .text.USBD_FS_ConfigStrDescriptor
                0x000000000800bcc4       0x3c ./USB_DEVICE/App/usbd_desc.o
                0x000000000800bcc4                USBD_FS_ConfigStrDescriptor
 .text.USBD_FS_InterfaceStrDescriptor
                0x000000000800bd00       0x3c ./USB_DEVICE/App/usbd_desc.o
                0x000000000800bd00                USBD_FS_InterfaceStrDescriptor
 .text.Get_SerialNum
                0x000000000800bd3c       0x58 ./USB_DEVICE/App/usbd_desc.o
 .text.IntToUnicode
                0x000000000800bd94       0x7e ./USB_DEVICE/App/usbd_desc.o
 .text.STORAGE_Init_FS
                0x000000000800be12       0x18 ./USB_DEVICE/App/usbd_storage_if.o
 *fill*         0x000000000800be2a        0x2 
 .text.STORAGE_GetCapacity_FS
                0x000000000800be2c       0x34 ./USB_DEVICE/App/usbd_storage_if.o
 .text.STORAGE_IsReady_FS
                0x000000000800be60       0x18 ./USB_DEVICE/App/usbd_storage_if.o
 .text.STORAGE_IsWriteProtected_FS
                0x000000000800be78       0x18 ./USB_DEVICE/App/usbd_storage_if.o
 .text.STORAGE_Read_FS
                0x000000000800be90       0xac ./USB_DEVICE/App/usbd_storage_if.o
 .text.STORAGE_Write_FS
                0x000000000800bf3c       0xcc ./USB_DEVICE/App/usbd_storage_if.o
 .text.STORAGE_GetMaxLun_FS
                0x000000000800c008       0x10 ./USB_DEVICE/App/usbd_storage_if.o
 .text.HAL_PCD_MspInit
                0x000000000800c018      0x100 ./USB_DEVICE/Target/usbd_conf.o
                0x000000000800c018                HAL_PCD_MspInit
 .text.HAL_PCD_SetupStageCallback
                0x000000000800c118       0x24 ./USB_DEVICE/Target/usbd_conf.o
                0x000000000800c118                HAL_PCD_SetupStageCallback
 .text.HAL_PCD_DataOutStageCallback
                0x000000000800c13c       0x36 ./USB_DEVICE/Target/usbd_conf.o
                0x000000000800c13c                HAL_PCD_DataOutStageCallback
 .text.HAL_PCD_DataInStageCallback
                0x000000000800c172       0x34 ./USB_DEVICE/Target/usbd_conf.o
                0x000000000800c172                HAL_PCD_DataInStageCallback
 .text.HAL_PCD_SOFCallback
                0x000000000800c1a6       0x1c ./USB_DEVICE/Target/usbd_conf.o
                0x000000000800c1a6                HAL_PCD_SOFCallback
 .text.HAL_PCD_ResetCallback
                0x000000000800c1c2       0x50 ./USB_DEVICE/Target/usbd_conf.o
                0x000000000800c1c2                HAL_PCD_ResetCallback
 *fill*         0x000000000800c212        0x2 
 .text.HAL_PCD_SuspendCallback
                0x000000000800c214       0x4c ./USB_DEVICE/Target/usbd_conf.o
                0x000000000800c214                HAL_PCD_SuspendCallback
 .text.HAL_PCD_ResumeCallback
                0x000000000800c260       0x1c ./USB_DEVICE/Target/usbd_conf.o
                0x000000000800c260                HAL_PCD_ResumeCallback
 .text.HAL_PCD_ISOOUTIncompleteCallback
                0x000000000800c27c       0x24 ./USB_DEVICE/Target/usbd_conf.o
                0x000000000800c27c                HAL_PCD_ISOOUTIncompleteCallback
 .text.HAL_PCD_ISOINIncompleteCallback
                0x000000000800c2a0       0x24 ./USB_DEVICE/Target/usbd_conf.o
                0x000000000800c2a0                HAL_PCD_ISOINIncompleteCallback
 .text.HAL_PCD_ConnectCallback
                0x000000000800c2c4       0x1c ./USB_DEVICE/Target/usbd_conf.o
                0x000000000800c2c4                HAL_PCD_ConnectCallback
 .text.HAL_PCD_DisconnectCallback
                0x000000000800c2e0       0x1c ./USB_DEVICE/Target/usbd_conf.o
                0x000000000800c2e0                HAL_PCD_DisconnectCallback
 .text.USBD_LL_Init
                0x000000000800c2fc       0xa0 ./USB_DEVICE/Target/usbd_conf.o
                0x000000000800c2fc                USBD_LL_Init
 .text.USBD_LL_Start
                0x000000000800c39c       0x36 ./USB_DEVICE/Target/usbd_conf.o
                0x000000000800c39c                USBD_LL_Start
 .text.USBD_LL_OpenEP
                0x000000000800c3d2       0x4c ./USB_DEVICE/Target/usbd_conf.o
                0x000000000800c3d2                USBD_LL_OpenEP
 .text.USBD_LL_CloseEP
                0x000000000800c41e       0x3e ./USB_DEVICE/Target/usbd_conf.o
                0x000000000800c41e                USBD_LL_CloseEP
 .text.USBD_LL_FlushEP
                0x000000000800c45c       0x3e ./USB_DEVICE/Target/usbd_conf.o
                0x000000000800c45c                USBD_LL_FlushEP
 .text.USBD_LL_StallEP
                0x000000000800c49a       0x3e ./USB_DEVICE/Target/usbd_conf.o
                0x000000000800c49a                USBD_LL_StallEP
 .text.USBD_LL_ClearStallEP
                0x000000000800c4d8       0x3e ./USB_DEVICE/Target/usbd_conf.o
                0x000000000800c4d8                USBD_LL_ClearStallEP
 .text.USBD_LL_IsStallEP
                0x000000000800c516       0x58 ./USB_DEVICE/Target/usbd_conf.o
                0x000000000800c516                USBD_LL_IsStallEP
 .text.USBD_LL_SetUSBAddress
                0x000000000800c56e       0x3e ./USB_DEVICE/Target/usbd_conf.o
                0x000000000800c56e                USBD_LL_SetUSBAddress
 .text.USBD_LL_Transmit
                0x000000000800c5ac       0x42 ./USB_DEVICE/Target/usbd_conf.o
                0x000000000800c5ac                USBD_LL_Transmit
 .text.USBD_LL_PrepareReceive
                0x000000000800c5ee       0x42 ./USB_DEVICE/Target/usbd_conf.o
                0x000000000800c5ee                USBD_LL_PrepareReceive
 .text.USBD_LL_GetRxDataSize
                0x000000000800c630       0x26 ./USB_DEVICE/Target/usbd_conf.o
                0x000000000800c630                USBD_LL_GetRxDataSize
 *fill*         0x000000000800c656        0x2 
 .text.USBD_static_malloc
                0x000000000800c658       0x1c ./USB_DEVICE/Target/usbd_conf.o
                0x000000000800c658                USBD_static_malloc
 .text.USBD_static_free
                0x000000000800c674       0x14 ./USB_DEVICE/Target/usbd_conf.o
                0x000000000800c674                USBD_static_free
 .text.USBD_Get_USB_Status
                0x000000000800c688       0x58 ./USB_DEVICE/Target/usbd_conf.o
                0x000000000800c688                USBD_Get_USB_Status
 .text.checkint
                0x000000000800c6e0       0x2e C:/ST/STM32CubeIDE_1.12.0/STM32CubeIDE/plugins/com.st.stm32cube.ide.mcu.externaltools.gnu-tools-for-stm32.11.3.rel1.win32_1.1.0.202305231506/tools/bin/../lib/gcc/arm-none-eabi/11.3.1/../../../../arm-none-eabi/lib/thumb/v7e-m+dp/hard\libm.a(libm_a-sf_pow.o)
 *fill*         0x000000000800c70e        0x2 
 .text.powf     0x000000000800c710      0x2b8 C:/ST/STM32CubeIDE_1.12.0/STM32CubeIDE/plugins/com.st.stm32cube.ide.mcu.externaltools.gnu-tools-for-stm32.11.3.rel1.win32_1.1.0.202305231506/tools/bin/../lib/gcc/arm-none-eabi/11.3.1/../../../../arm-none-eabi/lib/thumb/v7e-m+dp/hard\libm.a(libm_a-sf_pow.o)
                0x000000000800c710                powf
 .text.with_errnof
                0x000000000800c9c8       0x16 C:/ST/STM32CubeIDE_1.12.0/STM32CubeIDE/plugins/com.st.stm32cube.ide.mcu.externaltools.gnu-tools-for-stm32.11.3.rel1.win32_1.1.0.202305231506/tools/bin/../lib/gcc/arm-none-eabi/11.3.1/../../../../arm-none-eabi/lib/thumb/v7e-m+dp/hard\libm.a(libm_a-math_errf.o)
 .text.xflowf   0x000000000800c9de       0x16 C:/ST/STM32CubeIDE_1.12.0/STM32CubeIDE/plugins/com.st.stm32cube.ide.mcu.externaltools.gnu-tools-for-stm32.11.3.rel1.win32_1.1.0.202305231506/tools/bin/../lib/gcc/arm-none-eabi/11.3.1/../../../../arm-none-eabi/lib/thumb/v7e-m+dp/hard\libm.a(libm_a-math_errf.o)
 .text.__math_uflowf
                0x000000000800c9f4        0xc C:/ST/STM32CubeIDE_1.12.0/STM32CubeIDE/plugins/com.st.stm32cube.ide.mcu.externaltools.gnu-tools-for-stm32.11.3.rel1.win32_1.1.0.202305231506/tools/bin/../lib/gcc/arm-none-eabi/11.3.1/../../../../arm-none-eabi/lib/thumb/v7e-m+dp/hard\libm.a(libm_a-math_errf.o)
                0x000000000800c9f4                __math_uflowf
 .text.__math_may_uflowf
                0x000000000800ca00        0xc C:/ST/STM32CubeIDE_1.12.0/STM32CubeIDE/plugins/com.st.stm32cube.ide.mcu.externaltools.gnu-tools-for-stm32.11.3.rel1.win32_1.1.0.202305231506/tools/bin/../lib/gcc/arm-none-eabi/11.3.1/../../../../arm-none-eabi/lib/thumb/v7e-m+dp/hard\libm.a(libm_a-math_errf.o)
                0x000000000800ca00                __math_may_uflowf
 .text.__math_oflowf
                0x000000000800ca0c        0xc C:/ST/STM32CubeIDE_1.12.0/STM32CubeIDE/plugins/com.st.stm32cube.ide.mcu.externaltools.gnu-tools-for-stm32.11.3.rel1.win32_1.1.0.202305231506/tools/bin/../lib/gcc/arm-none-eabi/11.3.1/../../../../arm-none-eabi/lib/thumb/v7e-m+dp/hard\libm.a(libm_a-math_errf.o)
                0x000000000800ca0c                __math_oflowf
 .text.__math_divzerof
                0x000000000800ca18       0x24 C:/ST/STM32CubeIDE_1.12.0/STM32CubeIDE/plugins/com.st.stm32cube.ide.mcu.externaltools.gnu-tools-for-stm32.11.3.rel1.win32_1.1.0.202305231506/tools/bin/../lib/gcc/arm-none-eabi/11.3.1/../../../../arm-none-eabi/lib/thumb/v7e-m+dp/hard\libm.a(libm_a-math_errf.o)
                0x000000000800ca18                __math_divzerof
 .text.__math_invalidf
                0x000000000800ca3c       0x1e C:/ST/STM32CubeIDE_1.12.0/STM32CubeIDE/plugins/com.st.stm32cube.ide.mcu.externaltools.gnu-tools-for-stm32.11.3.rel1.win32_1.1.0.202305231506/tools/bin/../lib/gcc/arm-none-eabi/11.3.1/../../../../arm-none-eabi/lib/thumb/v7e-m+dp/hard\libm.a(libm_a-math_errf.o)
                0x000000000800ca3c                __math_invalidf
 .text.memset   0x000000000800ca5a       0x10 C:/ST/STM32CubeIDE_1.12.0/STM32CubeIDE/plugins/com.st.stm32cube.ide.mcu.externaltools.gnu-tools-for-stm32.11.3.rel1.win32_1.1.0.202305231506/tools/bin/../lib/gcc/arm-none-eabi/11.3.1/../../../../arm-none-eabi/lib/thumb/v7e-m+dp/hard\libc_nano.a(libc_a-memset.o)
                0x000000000800ca5a                memset
 *fill*         0x000000000800ca6a        0x2 
 .text.__errno  0x000000000800ca6c        0xc C:/ST/STM32CubeIDE_1.12.0/STM32CubeIDE/plugins/com.st.stm32cube.ide.mcu.externaltools.gnu-tools-for-stm32.11.3.rel1.win32_1.1.0.202305231506/tools/bin/../lib/gcc/arm-none-eabi/11.3.1/../../../../arm-none-eabi/lib/thumb/v7e-m+dp/hard\libc_nano.a(libc_a-errno.o)
                0x000000000800ca6c                __errno
 .text.__libc_init_array
                0x000000000800ca78       0x48 C:/ST/STM32CubeIDE_1.12.0/STM32CubeIDE/plugins/com.st.stm32cube.ide.mcu.externaltools.gnu-tools-for-stm32.11.3.rel1.win32_1.1.0.202305231506/tools/bin/../lib/gcc/arm-none-eabi/11.3.1/../../../../arm-none-eabi/lib/thumb/v7e-m+dp/hard\libc_nano.a(libc_a-init.o)
                0x000000000800ca78                __libc_init_array
 *(.glue_7)
 .glue_7        0x000000000800cac0        0x0 linker stubs
 *(.glue_7t)
 .glue_7t       0x000000000800cac0        0x0 linker stubs
 *(.eh_frame)
 .eh_frame      0x000000000800cac0        0x0 C:/ST/STM32CubeIDE_1.12.0/STM32CubeIDE/plugins/com.st.stm32cube.ide.mcu.externaltools.gnu-tools-for-stm32.11.3.rel1.win32_1.1.0.202305231506/tools/bin/../lib/gcc/arm-none-eabi/11.3.1/thumb/v7e-m+dp/hard/crtbegin.o
 *(.init)
 .init          0x000000000800cac0        0x4 C:/ST/STM32CubeIDE_1.12.0/STM32CubeIDE/plugins/com.st.stm32cube.ide.mcu.externaltools.gnu-tools-for-stm32.11.3.rel1.win32_1.1.0.202305231506/tools/bin/../lib/gcc/arm-none-eabi/11.3.1/thumb/v7e-m+dp/hard/crti.o
                0x000000000800cac0                _init
 .init          0x000000000800cac4        0x8 C:/ST/STM32CubeIDE_1.12.0/STM32CubeIDE/plugins/com.st.stm32cube.ide.mcu.externaltools.gnu-tools-for-stm32.11.3.rel1.win32_1.1.0.202305231506/tools/bin/../lib/gcc/arm-none-eabi/11.3.1/thumb/v7e-m+dp/hard/crtn.o
 *(.fini)
 .fini          0x000000000800cacc        0x4 C:/ST/STM32CubeIDE_1.12.0/STM32CubeIDE/plugins/com.st.stm32cube.ide.mcu.externaltools.gnu-tools-for-stm32.11.3.rel1.win32_1.1.0.202305231506/tools/bin/../lib/gcc/arm-none-eabi/11.3.1/thumb/v7e-m+dp/hard/crti.o
                0x000000000800cacc                _fini
 .fini          0x000000000800cad0        0x8 C:/ST/STM32CubeIDE_1.12.0/STM32CubeIDE/plugins/com.st.stm32cube.ide.mcu.externaltools.gnu-tools-for-stm32.11.3.rel1.win32_1.1.0.202305231506/tools/bin/../lib/gcc/arm-none-eabi/11.3.1/thumb/v7e-m+dp/hard/crtn.o
                0x000000000800cad8                . = ALIGN (0x4)
                0x000000000800cad8                _etext = .

.vfp11_veneer   0x000000000800cad8        0x0
 .vfp11_veneer  0x000000000800cad8        0x0 linker stubs

.v4_bx          0x000000000800cad8        0x0
 .v4_bx         0x000000000800cad8        0x0 linker stubs

.iplt           0x000000000800cad8        0x0
 .iplt          0x000000000800cad8        0x0 C:/ST/STM32CubeIDE_1.12.0/STM32CubeIDE/plugins/com.st.stm32cube.ide.mcu.externaltools.gnu-tools-for-stm32.11.3.rel1.win32_1.1.0.202305231506/tools/bin/../lib/gcc/arm-none-eabi/11.3.1/thumb/v7e-m+dp/hard/crtbegin.o

.rodata         0x000000000800cad8      0x310
                0x000000000800cad8                . = ALIGN (0x4)
 *(.rodata)
 .rodata        0x000000000800cad8       0x42 ./USB_DEVICE/App/usbd_desc.o
 *(.rodata*)
 *fill*         0x000000000800cb1a        0x2 
 .rodata.D1CorePrescTable
                0x000000000800cb1c       0x10 ./Core/Src/system_stm32h7xx.o
                0x000000000800cb1c                D1CorePrescTable
 .rodata.STORAGE_Inquirydata_FS
                0x000000000800cb2c       0x48 ./USB_DEVICE/App/usbd_storage_if.o
                0x000000000800cb2c                STORAGE_Inquirydata_FS
 *fill*         0x000000000800cb74        0x4 
 .rodata.__exp2f_data
                0x000000000800cb78      0x148 C:/ST/STM32CubeIDE_1.12.0/STM32CubeIDE/plugins/com.st.stm32cube.ide.mcu.externaltools.gnu-tools-for-stm32.11.3.rel1.win32_1.1.0.202305231506/tools/bin/../lib/gcc/arm-none-eabi/11.3.1/../../../../arm-none-eabi/lib/thumb/v7e-m+dp/hard\libm.a(libm_a-sf_exp2_data.o)
                0x000000000800cb78                __exp2f_data
 .rodata.__powf_log2_data
                0x000000000800ccc0      0x128 C:/ST/STM32CubeIDE_1.12.0/STM32CubeIDE/plugins/com.st.stm32cube.ide.mcu.externaltools.gnu-tools-for-stm32.11.3.rel1.win32_1.1.0.202305231506/tools/bin/../lib/gcc/arm-none-eabi/11.3.1/../../../../arm-none-eabi/lib/thumb/v7e-m+dp/hard\libm.a(libm_a-sf_pow_log2_data.o)
                0x000000000800ccc0                __powf_log2_data
                0x000000000800cde8                . = ALIGN (0x4)

.rel.dyn        0x000000000800cde8        0x0
 .rel.iplt      0x000000000800cde8        0x0 C:/ST/STM32CubeIDE_1.12.0/STM32CubeIDE/plugins/com.st.stm32cube.ide.mcu.externaltools.gnu-tools-for-stm32.11.3.rel1.win32_1.1.0.202305231506/tools/bin/../lib/gcc/arm-none-eabi/11.3.1/thumb/v7e-m+dp/hard/crtbegin.o

.ARM.extab
 *(.ARM.extab* .gnu.linkonce.armextab.*)

.ARM            0x000000000800cde8        0x0
                0x000000000800cde8                __exidx_start = .
 *(.ARM.exidx*)
                0x000000000800cde8                __exidx_end = .

.preinit_array  0x000000000800cde8        0x0
                0x000000000800cde8                PROVIDE (__preinit_array_start = .)
 *(.preinit_array*)
                0x000000000800cde8                PROVIDE (__preinit_array_end = .)

.init_array     0x000000000800cde8        0x4
                0x000000000800cde8                PROVIDE (__init_array_start = .)
 *(SORT_BY_NAME(.init_array.*))
 *(.init_array*)
 .init_array    0x000000000800cde8        0x4 C:/ST/STM32CubeIDE_1.12.0/STM32CubeIDE/plugins/com.st.stm32cube.ide.mcu.externaltools.gnu-tools-for-stm32.11.3.rel1.win32_1.1.0.202305231506/tools/bin/../lib/gcc/arm-none-eabi/11.3.1/thumb/v7e-m+dp/hard/crtbegin.o
                0x000000000800cdec                PROVIDE (__init_array_end = .)

.fini_array     0x000000000800cdec        0x4
                [!provide]                        PROVIDE (__fini_array_start = .)
 *(SORT_BY_NAME(.fini_array.*))
 *(.fini_array*)
 .fini_array    0x000000000800cdec        0x4 C:/ST/STM32CubeIDE_1.12.0/STM32CubeIDE/plugins/com.st.stm32cube.ide.mcu.externaltools.gnu-tools-for-stm32.11.3.rel1.win32_1.1.0.202305231506/tools/bin/../lib/gcc/arm-none-eabi/11.3.1/thumb/v7e-m+dp/hard/crtbegin.o
                [!provide]                        PROVIDE (__fini_array_end = .)
                0x000000000800cdf0                _sidata = LOADADDR (.data)

.data           0x0000000024000000      0x1bc load address 0x000000000800cdf0
                0x0000000024000000                . = ALIGN (0x4)
                0x0000000024000000                _sdata = .
 *(.data)
 *(.data*)
 .data.SystemCoreClock
                0x0000000024000000        0x4 ./Core/Src/system_stm32h7xx.o
                0x0000000024000000                SystemCoreClock
 .data.SystemD2Clock
                0x0000000024000004        0x4 ./Core/Src/system_stm32h7xx.o
                0x0000000024000004                SystemD2Clock
 .data.w25qxx_Mode
                0x0000000024000008        0x1 ./Core/Src/w25qxx_qspi.o
                0x0000000024000008                w25qxx_Mode
 *fill*         0x0000000024000009        0x3 
 .data.uwTickPrio
                0x000000002400000c        0x4 ./Drivers/STM32H7xx_HAL_Driver/Src/stm32h7xx_hal.o
                0x000000002400000c                uwTickPrio
 .data.uwTickFreq
                0x0000000024000010        0x1 ./Drivers/STM32H7xx_HAL_Driver/Src/stm32h7xx_hal.o
                0x0000000024000010                uwTickFreq
 *fill*         0x0000000024000011        0x3 
 .data.USBD_MSC
                0x0000000024000014       0x38 ./Middlewares/ST/STM32_USB_Device_Library/Class/MSC/Src/usbd_msc.o
                0x0000000024000014                USBD_MSC
 .data.USBD_MSC_CfgHSDesc
                0x000000002400004c       0x20 ./Middlewares/ST/STM32_USB_Device_Library/Class/MSC/Src/usbd_msc.o
 .data.USBD_MSC_CfgFSDesc
                0x000000002400006c       0x20 ./Middlewares/ST/STM32_USB_Device_Library/Class/MSC/Src/usbd_msc.o
 .data.USBD_MSC_OtherSpeedCfgDesc
                0x000000002400008c       0x20 ./Middlewares/ST/STM32_USB_Device_Library/Class/MSC/Src/usbd_msc.o
 .data.USBD_MSC_DeviceQualifierDesc
                0x00000000240000ac        0xa ./Middlewares/ST/STM32_USB_Device_Library/Class/MSC/Src/usbd_msc.o
 *fill*         0x00000000240000b6        0x2 
 .data.MSC_Page00_Inquiry_Data
                0x00000000240000b8        0x6 ./Middlewares/ST/STM32_USB_Device_Library/Class/MSC/Src/usbd_msc_data.o
                0x00000000240000b8                MSC_Page00_Inquiry_Data
 *fill*         0x00000000240000be        0x2 
 .data.MSC_Page80_Inquiry_Data
                0x00000000240000c0        0x8 ./Middlewares/ST/STM32_USB_Device_Library/Class/MSC/Src/usbd_msc_data.o
                0x00000000240000c0                MSC_Page80_Inquiry_Data
 .data.MSC_Mode_Sense6_data
                0x00000000240000c8       0x17 ./Middlewares/ST/STM32_USB_Device_Library/Class/MSC/Src/usbd_msc_data.o
                0x00000000240000c8                MSC_Mode_Sense6_data
 *fill*         0x00000000240000df        0x1 
 .data.MSC_Mode_Sense10_data
                0x00000000240000e0       0x1b ./Middlewares/ST/STM32_USB_Device_Library/Class/MSC/Src/usbd_msc_data.o
                0x00000000240000e0                MSC_Mode_Sense10_data
 *fill*         0x00000000240000fb        0x1 
 .data.FS_Desc  0x00000000240000fc       0x1c ./USB_DEVICE/App/usbd_desc.o
                0x00000000240000fc                FS_Desc
 .data.USBD_FS_DeviceDesc
                0x0000000024000118       0x12 ./USB_DEVICE/App/usbd_desc.o
                0x0000000024000118                USBD_FS_DeviceDesc
 *fill*         0x000000002400012a        0x2 
 .data.USBD_LangIDDesc
                0x000000002400012c        0x4 ./USB_DEVICE/App/usbd_desc.o
                0x000000002400012c                USBD_LangIDDesc
 .data.USBD_StringSerial
                0x0000000024000130       0x1a ./USB_DEVICE/App/usbd_desc.o
                0x0000000024000130                USBD_StringSerial
 *fill*         0x000000002400014a        0x2 
 .data.USBD_Storage_Interface_fops_FS
                0x000000002400014c       0x20 ./USB_DEVICE/App/usbd_storage_if.o
                0x000000002400014c                USBD_Storage_Interface_fops_FS
 .data._impure_data
                0x000000002400016c       0x4c C:/ST/STM32CubeIDE_1.12.0/STM32CubeIDE/plugins/com.st.stm32cube.ide.mcu.externaltools.gnu-tools-for-stm32.11.3.rel1.win32_1.1.0.202305231506/tools/bin/../lib/gcc/arm-none-eabi/11.3.1/../../../../arm-none-eabi/lib/thumb/v7e-m+dp/hard\libc_nano.a(libc_a-impure.o)
                0x000000002400016c                _impure_data
 .data._impure_ptr
                0x00000000240001b8        0x4 C:/ST/STM32CubeIDE_1.12.0/STM32CubeIDE/plugins/com.st.stm32cube.ide.mcu.externaltools.gnu-tools-for-stm32.11.3.rel1.win32_1.1.0.202305231506/tools/bin/../lib/gcc/arm-none-eabi/11.3.1/../../../../arm-none-eabi/lib/thumb/v7e-m+dp/hard\libc_nano.a(libc_a-impure.o)
                0x00000000240001b8                _impure_ptr
 *(.RamFunc)
 *(.RamFunc*)
                0x00000000240001bc                . = ALIGN (0x4)
                0x00000000240001bc                _edata = .

.igot.plt       0x00000000240001bc        0x0 load address 0x000000000800cfac
 .igot.plt      0x00000000240001bc        0x0 C:/ST/STM32CubeIDE_1.12.0/STM32CubeIDE/plugins/com.st.stm32cube.ide.mcu.externaltools.gnu-tools-for-stm32.11.3.rel1.win32_1.1.0.202305231506/tools/bin/../lib/gcc/arm-none-eabi/11.3.1/thumb/v7e-m+dp/hard/crtbegin.o
                0x00000000240001bc                . = ALIGN (0x4)

.bss            0x00000000240001bc     0x1bc8 load address 0x000000000800cfac
                0x00000000240001bc                _sbss = .
                0x00000000240001bc                __bss_start__ = _sbss
 *(.bss)
 .bss           0x00000000240001bc       0x1c C:/ST/STM32CubeIDE_1.12.0/STM32CubeIDE/plugins/com.st.stm32cube.ide.mcu.externaltools.gnu-tools-for-stm32.11.3.rel1.win32_1.1.0.202305231506/tools/bin/../lib/gcc/arm-none-eabi/11.3.1/thumb/v7e-m+dp/hard/crtbegin.o
 *(.bss*)
 .bss.hqspi     0x00000000240001d8       0x4c ./Core/Src/quadspi.o
                0x00000000240001d8                hqspi
 .bss.hrtc      0x0000000024000224       0x24 ./Core/Src/rtc.o
                0x0000000024000224                hrtc
 .bss.hspi1     0x0000000024000248       0x88 ./Core/Src/spi.o
                0x0000000024000248                hspi1
 .bss.W25Qx_Para
                0x00000000240002d0       0x1c ./Core/Src/w25qxx.o
                0x00000000240002d0                W25Qx_Para
 .bss.w25qxx_StatusReg
                0x00000000240002ec        0x3 ./Core/Src/w25qxx_qspi.o
                0x00000000240002ec                w25qxx_StatusReg
 *fill*         0x00000000240002ef        0x1 
 .bss.w25qxx_ID
                0x00000000240002f0        0x2 ./Core/Src/w25qxx_qspi.o
                0x00000000240002f0                w25qxx_ID
 *fill*         0x00000000240002f2        0x2 
 .bss.uwTick    0x00000000240002f4        0x4 ./Drivers/STM32H7xx_HAL_Driver/Src/stm32h7xx_hal.o
                0x00000000240002f4                uwTick
 .bss.cfgidx.0  0x00000000240002f8        0x1 ./Middlewares/ST/STM32_USB_Device_Library/Core/Src/usbd_ctlreq.o
 *fill*         0x00000000240002f9        0x3 
 .bss.hUsbDeviceFS
                0x00000000240002fc      0x2d0 ./USB_DEVICE/App/usb_device.o
                0x00000000240002fc                hUsbDeviceFS
 .bss.USBD_StrDesc
                0x00000000240005cc      0x200 ./USB_DEVICE/App/usbd_desc.o
                0x00000000240005cc                USBD_StrDesc
 .bss.hpcd_USB_OTG_FS
                0x00000000240007cc      0x408 ./USB_DEVICE/Target/usbd_conf.o
                0x00000000240007cc                hpcd_USB_OTG_FS
 .bss.mem.0     0x0000000024000bd4     0x1078 ./USB_DEVICE/Target/usbd_conf.o
 .bss.__sf      0x0000000024001c4c      0x138 C:/ST/STM32CubeIDE_1.12.0/STM32CubeIDE/plugins/com.st.stm32cube.ide.mcu.externaltools.gnu-tools-for-stm32.11.3.rel1.win32_1.1.0.202305231506/tools/bin/../lib/gcc/arm-none-eabi/11.3.1/../../../../arm-none-eabi/lib/thumb/v7e-m+dp/hard\libc_nano.a(libc_a-findfp.o)
                0x0000000024001c4c                __sf
 *(COMMON)
                0x0000000024001d84                . = ALIGN (0x4)
                0x0000000024001d84                _ebss = .
                0x0000000024001d84                __bss_end__ = _ebss

._user_heap_stack
                0x0000000024001d84     0x4004 load address 0x000000000800cfac
                0x0000000024001d88                . = ALIGN (0x8)
 *fill*         0x0000000024001d84        0x4 
                [!provide]                        PROVIDE (end = .)
                0x0000000024001d88                PROVIDE (_end = .)
                0x0000000024003d88                . = (. + _Min_Heap_Size)
 *fill*         0x0000000024001d88     0x2000 
                0x0000000024005d88                . = (. + _Min_Stack_Size)
 *fill*         0x0000000024003d88     0x2000 
                0x0000000024005d88                . = ALIGN (0x8)

/DISCARD/
 libc.a(*)
 libm.a(*)
 libgcc.a(*)

.ARM.attributes
                0x0000000000000000       0x2e
 *(.ARM.attributes)
 .ARM.attributes
                0x0000000000000000       0x1e C:/ST/STM32CubeIDE_1.12.0/STM32CubeIDE/plugins/com.st.stm32cube.ide.mcu.externaltools.gnu-tools-for-stm32.11.3.rel1.win32_1.1.0.202305231506/tools/bin/../lib/gcc/arm-none-eabi/11.3.1/thumb/v7e-m+dp/hard/crti.o
 .ARM.attributes
                0x000000000000001e       0x32 C:/ST/STM32CubeIDE_1.12.0/STM32CubeIDE/plugins/com.st.stm32cube.ide.mcu.externaltools.gnu-tools-for-stm32.11.3.rel1.win32_1.1.0.202305231506/tools/bin/../lib/gcc/arm-none-eabi/11.3.1/thumb/v7e-m+dp/hard/crtbegin.o
 .ARM.attributes
                0x0000000000000050       0x32 ./Core/Src/gpio.o
 .ARM.attributes
                0x0000000000000082       0x32 ./Core/Src/main.o
 .ARM.attributes
                0x00000000000000b4       0x32 ./Core/Src/quadspi.o
 .ARM.attributes
                0x00000000000000e6       0x32 ./Core/Src/rtc.o
 .ARM.attributes
                0x0000000000000118       0x32 ./Core/Src/spi.o
 .ARM.attributes
                0x000000000000014a       0x32 ./Core/Src/stm32h7xx_hal_msp.o
 .ARM.attributes
                0x000000000000017c       0x32 ./Core/Src/stm32h7xx_it.o
 .ARM.attributes
                0x00000000000001ae       0x32 ./Core/Src/system_stm32h7xx.o
 .ARM.attributes
                0x00000000000001e0       0x32 ./Core/Src/w25qxx.o
 .ARM.attributes
                0x0000000000000212       0x32 ./Core/Src/w25qxx_qspi.o
 .ARM.attributes
                0x0000000000000244       0x21 ./Core/Startup/startup_stm32h750vbtx.o
 .ARM.attributes
                0x0000000000000265       0x32 ./Drivers/STM32H7xx_HAL_Driver/Src/stm32h7xx_hal.o
 .ARM.attributes
                0x0000000000000297       0x32 ./Drivers/STM32H7xx_HAL_Driver/Src/stm32h7xx_hal_cortex.o
 .ARM.attributes
                0x00000000000002c9       0x32 ./Drivers/STM32H7xx_HAL_Driver/Src/stm32h7xx_hal_gpio.o
 .ARM.attributes
                0x00000000000002fb       0x32 ./Drivers/STM32H7xx_HAL_Driver/Src/stm32h7xx_hal_i2c_ex.o
 .ARM.attributes
                0x000000000000032d       0x32 ./Drivers/STM32H7xx_HAL_Driver/Src/stm32h7xx_hal_pcd.o
 .ARM.attributes
                0x000000000000035f       0x32 ./Drivers/STM32H7xx_HAL_Driver/Src/stm32h7xx_hal_pcd_ex.o
 .ARM.attributes
                0x0000000000000391       0x32 ./Drivers/STM32H7xx_HAL_Driver/Src/stm32h7xx_hal_pwr_ex.o
 .ARM.attributes
                0x00000000000003c3       0x32 ./Drivers/STM32H7xx_HAL_Driver/Src/stm32h7xx_hal_qspi.o
 .ARM.attributes
                0x00000000000003f5       0x32 ./Drivers/STM32H7xx_HAL_Driver/Src/stm32h7xx_hal_rcc.o
 .ARM.attributes
                0x0000000000000427       0x32 ./Drivers/STM32H7xx_HAL_Driver/Src/stm32h7xx_hal_rcc_ex.o
 .ARM.attributes
                0x0000000000000459       0x32 ./Drivers/STM32H7xx_HAL_Driver/Src/stm32h7xx_hal_rtc.o
 .ARM.attributes
                0x000000000000048b       0x32 ./Drivers/STM32H7xx_HAL_Driver/Src/stm32h7xx_hal_spi.o
 .ARM.attributes
                0x00000000000004bd       0x32 ./Drivers/STM32H7xx_HAL_Driver/Src/stm32h7xx_ll_usb.o
 .ARM.attributes
                0x00000000000004ef       0x32 ./Middlewares/ST/STM32_USB_Device_Library/Class/MSC/Src/usbd_msc.o
 .ARM.attributes
                0x0000000000000521       0x32 ./Middlewares/ST/STM32_USB_Device_Library/Class/MSC/Src/usbd_msc_bot.o
 .ARM.attributes
                0x0000000000000553       0x32 ./Middlewares/ST/STM32_USB_Device_Library/Class/MSC/Src/usbd_msc_data.o
 .ARM.attributes
                0x0000000000000585       0x32 ./Middlewares/ST/STM32_USB_Device_Library/Class/MSC/Src/usbd_msc_scsi.o
 .ARM.attributes
                0x00000000000005b7       0x32 ./Middlewares/ST/STM32_USB_Device_Library/Core/Src/usbd_core.o
 .ARM.attributes
                0x00000000000005e9       0x32 ./Middlewares/ST/STM32_USB_Device_Library/Core/Src/usbd_ctlreq.o
 .ARM.attributes
                0x000000000000061b       0x32 ./Middlewares/ST/STM32_USB_Device_Library/Core/Src/usbd_ioreq.o
 .ARM.attributes
                0x000000000000064d       0x32 ./USB_DEVICE/App/usb_device.o
 .ARM.attributes
                0x000000000000067f       0x32 ./USB_DEVICE/App/usbd_desc.o
 .ARM.attributes
                0x00000000000006b1       0x32 ./USB_DEVICE/App/usbd_storage_if.o
 .ARM.attributes
                0x00000000000006e3       0x32 ./USB_DEVICE/Target/usbd_conf.o
 .ARM.attributes
                0x0000000000000715       0x32 C:/ST/STM32CubeIDE_1.12.0/STM32CubeIDE/plugins/com.st.stm32cube.ide.mcu.externaltools.gnu-tools-for-stm32.11.3.rel1.win32_1.1.0.202305231506/tools/bin/../lib/gcc/arm-none-eabi/11.3.1/../../../../arm-none-eabi/lib/thumb/v7e-m+dp/hard\libm.a(libm_a-sf_pow.o)
 .ARM.attributes
                0x0000000000000747       0x32 C:/ST/STM32CubeIDE_1.12.0/STM32CubeIDE/plugins/com.st.stm32cube.ide.mcu.externaltools.gnu-tools-for-stm32.11.3.rel1.win32_1.1.0.202305231506/tools/bin/../lib/gcc/arm-none-eabi/11.3.1/../../../../arm-none-eabi/lib/thumb/v7e-m+dp/hard\libm.a(libm_a-math_errf.o)
 .ARM.attributes
                0x0000000000000779       0x32 C:/ST/STM32CubeIDE_1.12.0/STM32CubeIDE/plugins/com.st.stm32cube.ide.mcu.externaltools.gnu-tools-for-stm32.11.3.rel1.win32_1.1.0.202305231506/tools/bin/../lib/gcc/arm-none-eabi/11.3.1/../../../../arm-none-eabi/lib/thumb/v7e-m+dp/hard\libm.a(libm_a-sf_exp2_data.o)
 .ARM.attributes
                0x00000000000007ab       0x32 C:/ST/STM32CubeIDE_1.12.0/STM32CubeIDE/plugins/com.st.stm32cube.ide.mcu.externaltools.gnu-tools-for-stm32.11.3.rel1.win32_1.1.0.202305231506/tools/bin/../lib/gcc/arm-none-eabi/11.3.1/../../../../arm-none-eabi/lib/thumb/v7e-m+dp/hard\libm.a(libm_a-sf_pow_log2_data.o)
 .ARM.attributes
                0x00000000000007dd       0x32 C:/ST/STM32CubeIDE_1.12.0/STM32CubeIDE/plugins/com.st.stm32cube.ide.mcu.externaltools.gnu-tools-for-stm32.11.3.rel1.win32_1.1.0.202305231506/tools/bin/../lib/gcc/arm-none-eabi/11.3.1/../../../../arm-none-eabi/lib/thumb/v7e-m+dp/hard\libc_nano.a(libc_a-findfp.o)
 .ARM.attributes
                0x000000000000080f       0x32 C:/ST/STM32CubeIDE_1.12.0/STM32CubeIDE/plugins/com.st.stm32cube.ide.mcu.externaltools.gnu-tools-for-stm32.11.3.rel1.win32_1.1.0.202305231506/tools/bin/../lib/gcc/arm-none-eabi/11.3.1/../../../../arm-none-eabi/lib/thumb/v7e-m+dp/hard\libc_nano.a(libc_a-memset.o)
 .ARM.attributes
                0x0000000000000841       0x32 C:/ST/STM32CubeIDE_1.12.0/STM32CubeIDE/plugins/com.st.stm32cube.ide.mcu.externaltools.gnu-tools-for-stm32.11.3.rel1.win32_1.1.0.202305231506/tools/bin/../lib/gcc/arm-none-eabi/11.3.1/../../../../arm-none-eabi/lib/thumb/v7e-m+dp/hard\libc_nano.a(libc_a-impure.o)
 .ARM.attributes
                0x0000000000000873       0x32 C:/ST/STM32CubeIDE_1.12.0/STM32CubeIDE/plugins/com.st.stm32cube.ide.mcu.externaltools.gnu-tools-for-stm32.11.3.rel1.win32_1.1.0.202305231506/tools/bin/../lib/gcc/arm-none-eabi/11.3.1/../../../../arm-none-eabi/lib/thumb/v7e-m+dp/hard\libc_nano.a(libc_a-errno.o)
 .ARM.attributes
                0x00000000000008a5       0x32 C:/ST/STM32CubeIDE_1.12.0/STM32CubeIDE/plugins/com.st.stm32cube.ide.mcu.externaltools.gnu-tools-for-stm32.11.3.rel1.win32_1.1.0.202305231506/tools/bin/../lib/gcc/arm-none-eabi/11.3.1/../../../../arm-none-eabi/lib/thumb/v7e-m+dp/hard\libc_nano.a(libc_a-init.o)
 .ARM.attributes
                0x00000000000008d7       0x1e C:/ST/STM32CubeIDE_1.12.0/STM32CubeIDE/plugins/com.st.stm32cube.ide.mcu.externaltools.gnu-tools-for-stm32.11.3.rel1.win32_1.1.0.202305231506/tools/bin/../lib/gcc/arm-none-eabi/11.3.1/thumb/v7e-m+dp/hard/crtn.o
OUTPUT(USB_STR.elf elf32-littlearm)
LOAD linker stubs
LOAD C:/ST/STM32CubeIDE_1.12.0/STM32CubeIDE/plugins/com.st.stm32cube.ide.mcu.externaltools.gnu-tools-for-stm32.11.3.rel1.win32_1.1.0.202305231506/tools/bin/../lib/gcc/arm-none-eabi/11.3.1/../../../../arm-none-eabi/lib/thumb/v7e-m+dp/hard\libc.a
LOAD C:/ST/STM32CubeIDE_1.12.0/STM32CubeIDE/plugins/com.st.stm32cube.ide.mcu.externaltools.gnu-tools-for-stm32.11.3.rel1.win32_1.1.0.202305231506/tools/bin/../lib/gcc/arm-none-eabi/11.3.1/../../../../arm-none-eabi/lib/thumb/v7e-m+dp/hard\libm.a
LOAD C:/ST/STM32CubeIDE_1.12.0/STM32CubeIDE/plugins/com.st.stm32cube.ide.mcu.externaltools.gnu-tools-for-stm32.11.3.rel1.win32_1.1.0.202305231506/tools/bin/../lib/gcc/arm-none-eabi/11.3.1/thumb/v7e-m+dp/hard\libgcc.a

.comment        0x0000000000000000       0x43
 .comment       0x0000000000000000       0x43 C:/ST/STM32CubeIDE_1.12.0/STM32CubeIDE/plugins/com.st.stm32cube.ide.mcu.externaltools.gnu-tools-for-stm32.11.3.rel1.win32_1.1.0.202305231506/tools/bin/../lib/gcc/arm-none-eabi/11.3.1/thumb/v7e-m+dp/hard/crtbegin.o
                                         0x44 (size before relaxing)
 .comment       0x0000000000000043       0x44 ./Core/Src/gpio.o
 .comment       0x0000000000000043       0x44 ./Core/Src/main.o
 .comment       0x0000000000000043       0x44 ./Core/Src/quadspi.o
 .comment       0x0000000000000043       0x44 ./Core/Src/rtc.o
 .comment       0x0000000000000043       0x44 ./Core/Src/spi.o
 .comment       0x0000000000000043       0x44 ./Core/Src/stm32h7xx_hal_msp.o
 .comment       0x0000000000000043       0x44 ./Core/Src/stm32h7xx_it.o
 .comment       0x0000000000000043       0x44 ./Core/Src/system_stm32h7xx.o
 .comment       0x0000000000000043       0x44 ./Core/Src/w25qxx.o